Component: Arm Compiler for Embedded 6.18 Tool: armlink [5e4cc100]

==============================================================================

Section Cross References

    startup_stm32f405xx.o(RESET) refers to startup_stm32f405xx.o(STACK) for __initial_sp
    startup_stm32f405xx.o(RESET) refers to startup_stm32f405xx.o(.text) for Reset_Handler
    startup_stm32f405xx.o(RESET) refers to stm32f4xx_it.o(.text.NMI_Handler) for NMI_Handler
    startup_stm32f405xx.o(RESET) refers to stm32f4xx_it.o(.text.HardFault_Handler) for HardFault_Handler
    startup_stm32f405xx.o(RESET) refers to stm32f4xx_it.o(.text.MemManage_Handler) for MemManage_Handler
    startup_stm32f405xx.o(RESET) refers to stm32f4xx_it.o(.text.BusFault_Handler) for BusFault_Handler
    startup_stm32f405xx.o(RESET) refers to stm32f4xx_it.o(.text.UsageFault_Handler) for UsageFault_Handler
    startup_stm32f405xx.o(RESET) refers to port.o(.text.SVC_Handler) for SVC_Handler
    startup_stm32f405xx.o(RESET) refers to stm32f4xx_it.o(.text.DebugMon_Handler) for DebugMon_Handler
    startup_stm32f405xx.o(RESET) refers to port.o(.text.PendSV_Handler) for PendSV_Handler
    startup_stm32f405xx.o(RESET) refers to cmsis_os2.o(.text.SysTick_Handler) for SysTick_Handler
    startup_stm32f405xx.o(RESET) refers to stm32f4xx_it.o(.text.CAN1_RX0_IRQHandler) for CAN1_RX0_IRQHandler
    startup_stm32f405xx.o(RESET) refers to stm32f4xx_it.o(.text.CAN1_RX1_IRQHandler) for CAN1_RX1_IRQHandler
    startup_stm32f405xx.o(RESET) refers to stm32f4xx_it.o(.text.SPI1_IRQHandler) for SPI1_IRQHandler
    startup_stm32f405xx.o(RESET) refers to stm32f4xx_it.o(.text.TIM8_TRG_COM_TIM14_IRQHandler) for TIM8_TRG_COM_TIM14_IRQHandler
    startup_stm32f405xx.o(RESET) refers to stm32f4xx_it.o(.text.CAN2_RX0_IRQHandler) for CAN2_RX0_IRQHandler
    startup_stm32f405xx.o(RESET) refers to stm32f4xx_it.o(.text.CAN2_RX1_IRQHandler) for CAN2_RX1_IRQHandler
    startup_stm32f405xx.o(RESET) refers to stm32f4xx_it.o(.text.OTG_FS_IRQHandler) for OTG_FS_IRQHandler
    startup_stm32f405xx.o(.text) refers to system_stm32f4xx.o(.text.SystemInit) for SystemInit
    startup_stm32f405xx.o(.text) refers to entry.o(.ARM.Collect$$$$00000000) for __main
    main.o(.text.main) refers to stm32f4xx_hal.o(.text.HAL_Init) for HAL_Init
    main.o(.text.main) refers to main.o(.text.SystemClock_Config) for SystemClock_Config
    main.o(.text.main) refers to gpio.o(.text.MX_GPIO_Init) for MX_GPIO_Init
    main.o(.text.main) refers to can.o(.text.MX_CAN1_Init) for MX_CAN1_Init
    main.o(.text.main) refers to i2c.o(.text.MX_I2C1_Init) for MX_I2C1_Init
    main.o(.text.main) refers to i2c.o(.text.MX_I2C2_Init) for MX_I2C2_Init
    main.o(.text.main) refers to spi.o(.text.MX_SPI1_Init) for MX_SPI1_Init
    main.o(.text.main) refers to tim.o(.text.MX_TIM2_Init) for MX_TIM2_Init
    main.o(.text.main) refers to tim.o(.text.MX_TIM3_Init) for MX_TIM3_Init
    main.o(.text.main) refers to usart.o(.text.MX_USART1_UART_Init) for MX_USART1_UART_Init
    main.o(.text.main) refers to usart.o(.text.MX_USART2_UART_Init) for MX_USART2_UART_Init
    main.o(.text.main) refers to tim.o(.text.MX_TIM5_Init) for MX_TIM5_Init
    main.o(.text.main) refers to usart.o(.text.MX_USART3_UART_Init) for MX_USART3_UART_Init
    main.o(.text.main) refers to tim.o(.text.MX_TIM8_Init) for MX_TIM8_Init
    main.o(.text.main) refers to tim.o(.text.MX_TIM13_Init) for MX_TIM13_Init
    main.o(.text.main) refers to can.o(.text.MX_CAN2_Init) for MX_CAN2_Init
    main.o(.text.main) refers to stm32f4xx_hal_gpio.o(.text.HAL_GPIO_WritePin) for HAL_GPIO_WritePin
    main.o(.text.main) refers to cmsis_os2.o(.text.osKernelInitialize) for osKernelInitialize
    main.o(.text.main) refers to freertos.o(.text.MX_FREERTOS_Init) for MX_FREERTOS_Init
    main.o(.text.main) refers to cmsis_os2.o(.text.osKernelStart) for osKernelStart
    main.o(.ARM.exidx.text.main) refers to main.o(.text.main) for [Anonymous Symbol]
    main.o(.text.SystemClock_Config) refers to stm32f4xx_hal_rcc.o(.text.HAL_RCC_OscConfig) for HAL_RCC_OscConfig
    main.o(.text.SystemClock_Config) refers to stm32f4xx_hal_rcc.o(.text.HAL_RCC_ClockConfig) for HAL_RCC_ClockConfig
    main.o(.ARM.exidx.text.SystemClock_Config) refers to main.o(.text.SystemClock_Config) for [Anonymous Symbol]
    main.o(.ARM.exidx.text.Error_Handler) refers to main.o(.text.Error_Handler) for [Anonymous Symbol]
    main.o(.text.HAL_TIM_PeriodElapsedCallback) refers to stm32f4xx_hal.o(.text.HAL_IncTick) for HAL_IncTick
    main.o(.ARM.exidx.text.HAL_TIM_PeriodElapsedCallback) refers to main.o(.text.HAL_TIM_PeriodElapsedCallback) for [Anonymous Symbol]
    gpio.o(.text.MX_GPIO_Init) refers to stm32f4xx_hal_gpio.o(.text.HAL_GPIO_WritePin) for HAL_GPIO_WritePin
    gpio.o(.text.MX_GPIO_Init) refers to stm32f4xx_hal_gpio.o(.text.HAL_GPIO_Init) for HAL_GPIO_Init
    gpio.o(.ARM.exidx.text.MX_GPIO_Init) refers to gpio.o(.text.MX_GPIO_Init) for [Anonymous Symbol]
[...]
    MX_TIM8_Init                             0x080058e1   Thumb Code   206  tim.o(.text.MX_TIM8_Init)
    MX_USART1_UART_Init                      0x080059b1   Thumb Code    60  usart.o(.text.MX_USART1_UART_Init)
    MX_USART2_UART_Init                      0x080059ed   Thumb Code    60  usart.o(.text.MX_USART2_UART_Init)
    MX_USART3_UART_Init                      0x08005a29   Thumb Code    60  usart.o(.text.MX_USART3_UART_Init)
    MX_USB_DEVICE_Init                       0x08005a65   Thumb Code   114  usb_device.o(.text.MX_USB_DEVICE_Init)
    MahonyAHRS_init                          0x08005ad9   Thumb Code    22  mahonyahrs.o(.text.MahonyAHRS_init)
    MahonyAHRS_update                        0x08005af1   Thumb Code   816  mahonyahrs.o(.text.MahonyAHRS_update)
    MemManage_Handler                        0x08005e21   Thumb Code     2  stm32f4xx_it.o(.text.MemManage_Handler)
    NMI_Handler                              0x08005e25   Thumb Code     2  stm32f4xx_it.o(.text.NMI_Handler)
    OTG_FS_IRQHandler                        0x08005e29   Thumb Code    12  stm32f4xx_it.o(.text.OTG_FS_IRQHandler)
    PendSV_Handler                           0x08005e41   Thumb Code   100  port.o(.text.PendSV_Handler)
    SPI1_IRQHandler                          0x08005ea5   Thumb Code    12  stm32f4xx_it.o(.text.SPI1_IRQHandler)
    SVC_Handler                              0x08005fe1   Thumb Code    36  port.o(.text.SVC_Handler)
    StartCANTask                             0x08006005   Thumb Code    38  freertos.o(.text.StartCANTask)
    StartDefaultTask                         0x0800602d   Thumb Code    24  freertos.o(.text.StartDefaultTask)
    StartIMUTask                             0x08006045   Thumb Code    40  freertos.o(.text.StartIMUTask)
    SysTick_Handler                          0x0800606d   Thumb Code    30  cmsis_os2.o(.text.SysTick_Handler)
    SystemClock_Config                       0x0800608d   Thumb Code   168  main.o(.text.SystemClock_Config)
    SystemInit                               0x08006135   Thumb Code    18  system_stm32f4xx.o(.text.SystemInit)
    TIM8_TRG_COM_TIM14_IRQHandler            0x08006149   Thumb Code    30  stm32f4xx_it.o(.text.TIM8_TRG_COM_TIM14_IRQHandler)
    TIM_Base_SetConfig                       0x08006169   Thumb Code   332  stm32f4xx_hal_tim.o(.text.TIM_Base_SetConfig)
    USBD_CDC_GetDeviceQualifierDescriptor    0x080064e5   Thumb Code    16  usbd_cdc.o(.text.USBD_CDC_GetDeviceQualifierDescriptor)
    USBD_CDC_ReceivePacket                   0x080066cd   Thumb Code    52  usbd_cdc.o(.text.USBD_CDC_ReceivePacket)
    USBD_CDC_RegisterInterface               0x08006701   Thumb Code    24  usbd_cdc.o(.text.USBD_CDC_RegisterInterface)
    USBD_CDC_SetRxBuffer                     0x08006719   Thumb Code    26  usbd_cdc.o(.text.USBD_CDC_SetRxBuffer)
    USBD_CDC_SetTxBuffer                     0x08006735   Thumb Code    30  usbd_cdc.o(.text.USBD_CDC_SetTxBuffer)
    USBD_CDC_TransmitPacket                  0x08006851   Thumb Code    62  usbd_cdc.o(.text.USBD_CDC_TransmitPacket)
    USBD_ClrClassConfig                      0x08006891   Thumb Code    18  usbd_core.o(.text.USBD_ClrClassConfig)
    USBD_CoreFindEP                          0x080068a5   Thumb Code     4  usbd_core.o(.text.USBD_CoreFindEP)
    USBD_CoreFindIF                          0x080068a9   Thumb Code     4  usbd_core.o(.text.USBD_CoreFindIF)
    USBD_CtlContinueRx                       0x080068ad   Thumb Code    16  usbd_ioreq.o(.text.USBD_CtlContinueRx)
    USBD_CtlContinueSendData                 0x080068bd   Thumb Code    16  usbd_ioreq.o(.text.USBD_CtlContinueSendData)
    USBD_CtlError                            0x080068cd   Thumb Code    22  usbd_ctlreq.o(.text.USBD_CtlError)
    USBD_CtlPrepareRx                        0x080068e5   Thumb Code    26  usbd_ioreq.o(.text.USBD_CtlPrepareRx)
    USBD_CtlReceiveStatus                    0x08006901   Thumb Code    22  usbd_ioreq.o(.text.USBD_CtlReceiveStatus)
    USBD_CtlSendData                         0x08006919   Thumb Code    26  usbd_ioreq.o(.text.USBD_CtlSendData)
    USBD_CtlSendStatus                       0x08006935   Thumb Code    22  usbd_ioreq.o(.text.USBD_CtlSendStatus)
    USBD_FS_ConfigStrDescriptor              0x0800694d   Thumb Code    24  usbd_desc.o(.text.USBD_FS_ConfigStrDescriptor)
    USBD_FS_DeviceDescriptor                 0x08006971   Thumb Code    14  usbd_desc.o(.text.USBD_FS_DeviceDescriptor)
    USBD_FS_InterfaceStrDescriptor           0x08006981   Thumb Code    24  usbd_desc.o(.text.USBD_FS_InterfaceStrDescriptor)
    USBD_FS_LangIDStrDescriptor              0x080069a9   Thumb Code    14  usbd_desc.o(.text.USBD_FS_LangIDStrDescriptor)
    USBD_FS_ManufacturerStrDescriptor        0x080069b9   Thumb Code    24  usbd_desc.o(.text.USBD_FS_ManufacturerStrDescriptor)
    USBD_FS_ProductStrDescriptor             0x080069e5   Thumb Code    24  usbd_desc.o(.text.USBD_FS_ProductStrDescriptor)
    USBD_FS_SerialStrDescriptor              0x08006a15   Thumb Code   364  usbd_desc.o(.text.USBD_FS_SerialStrDescriptor)
    USBD_GetEpDesc                           0x08006b81   Thumb Code    64  usbd_core.o(.text.USBD_GetEpDesc)
    USBD_GetString                           0x08006bc1   Thumb Code   218  usbd_ctlreq.o(.text.USBD_GetString)
    USBD_Init                                0x08006c9d   Thumb Code    42  usbd_core.o(.text.USBD_Init)
    USBD_LL_ClearStallEP                     0x08006cc9   Thumb Code    34  usbd_conf.o(.text.USBD_LL_ClearStallEP)
    USBD_LL_CloseEP                          0x08006ced   Thumb Code    34  usbd_conf.o(.text.USBD_LL_CloseEP)
    USBD_LL_DataInStage                      0x08006d11   Thumb Code   182  usbd_core.o(.text.USBD_LL_DataInStage)
    USBD_LL_DataOutStage                     0x08006dc9   Thumb Code   120  usbd_core.o(.text.USBD_LL_DataOutStage)
    USBD_LL_DevConnected                     0x08006e41   Thumb Code     4  usbd_core.o(.text.USBD_LL_DevConnected)
    USBD_LL_DevDisconnected                  0x08006e45   Thumb Code    32  usbd_core.o(.text.USBD_LL_DevDisconnected)
    USBD_LL_GetRxDataSize                    0x08006e65   Thumb Code     8  usbd_conf.o(.text.USBD_LL_GetRxDataSize)
    USBD_LL_Init                             0x08006e6d   Thumb Code   108  usbd_conf.o(.text.USBD_LL_Init)
    USBD_LL_IsStallEP                        0x08006ed9   Thumb Code    32  usbd_conf.o(.text.USBD_LL_IsStallEP)
    USBD_LL_IsoINIncomplete                  0x08006ef9   Thumb Code    40  usbd_core.o(.text.USBD_LL_IsoINIncomplete)
    USBD_LL_IsoOUTIncomplete                 0x08006f21   Thumb Code    40  usbd_core.o(.text.USBD_LL_IsoOUTIncomplete)
    USBD_LL_OpenEP                           0x08006f49   Thumb Code    40  usbd_conf.o(.text.USBD_LL_OpenEP)
    USBD_LL_PrepareReceive                   0x08006f71   Thumb Code    34  usbd_conf.o(.text.USBD_LL_PrepareReceive)
    USBD_LL_Reset                            0x08006f95   Thumb Code   102  usbd_core.o(.text.USBD_LL_Reset)
    USBD_LL_Resume                           0x08006ffd   Thumb Code    20  usbd_core.o(.text.USBD_LL_Resume)
    USBD_LL_SOF                              0x08007011   Thumb Code    28  usbd_core.o(.text.USBD_LL_SOF)
    USBD_LL_SetSpeed                         0x0800702d   Thumb Code     8  usbd_core.o(.text.USBD_LL_SetSpeed)
    USBD_LL_SetUSBAddress                    0x08007035   Thumb Code    34  usbd_conf.o(.text.USBD_LL_SetUSBAddress)
    USBD_LL_SetupStage                       0x08007059   Thumb Code    98  usbd_core.o(.text.USBD_LL_SetupStage)
    USBD_LL_StallEP                          0x080070bd   Thumb Code    34  usbd_conf.o(.text.USBD_LL_StallEP)
    USBD_LL_Start                            0x080070e1   Thumb Code    34  usbd_conf.o(.text.USBD_LL_Start)
    USBD_LL_Suspend                          0x08007105   Thumb Code    28  usbd_core.o(.text.USBD_LL_Suspend)
    USBD_LL_Transmit                         0x08007121   Thumb Code    34  usbd_conf.o(.text.USBD_LL_Transmit)
    USBD_ParseSetupRequest                   0x08007145   Thumb Code    22  usbd_ctlreq.o(.text.USBD_ParseSetupRequest)
    USBD_RegisterClass                       0x0800715d   Thumb Code    66  usbd_core.o(.text.USBD_RegisterClass)
    USBD_SetClassConfig                      0x080071a1   Thumb Code    16  usbd_core.o(.text.USBD_SetClassConfig)
    USBD_Start                               0x080071b1   Thumb Code     4  usbd_core.o(.text.USBD_Start)
    USBD_StdDevReq                           0x080071b5   Thumb Code   884  usbd_ctlreq.o(.text.USBD_StdDevReq)
    USBD_StdEPReq                            0x08007529   Thumb Code   374  usbd_ctlreq.o(.text.USBD_StdEPReq)
    USBD_StdItfReq                           0x080076a1   Thumb Code   148  usbd_ctlreq.o(.text.USBD_StdItfReq)
    USBD_static_free                         0x08007735   Thumb Code     2  usbd_conf.o(.text.USBD_static_free)
    USBD_static_malloc                       0x08007739   Thumb Code    10  usbd_conf.o(.text.USBD_static_malloc)
    USB_ActivateEndpoint                     0x08007745   Thumb Code   138  stm32f4xx_ll_usb.o(.text.USB_ActivateEndpoint)
    USB_ActivateSetup                        0x080077d1   Thumb Code    32  stm32f4xx_ll_usb.o(.text.USB_ActivateSetup)
    USB_CoreInit                             0x080077f1   Thumb Code   530  stm32f4xx_ll_usb.o(.text.USB_CoreInit)
    USB_DeactivateEndpoint                   0x08007a05   Thumb Code   132  stm32f4xx_ll_usb.o(.text.USB_DeactivateEndpoint)
    USB_DevConnect                           0x08007a89   Thumb Code    30  stm32f4xx_ll_usb.o(.text.USB_DevConnect)
    USB_DevDisconnect                        0x08007aa9   Thumb Code    30  stm32f4xx_ll_usb.o(.text.USB_DevDisconnect)
    USB_DevInit                              0x08007ac9   Thumb Code  1196  stm32f4xx_ll_usb.o(.text.USB_DevInit)
    USB_DisableGlobalInt                     0x08007f75   Thumb Code    14  stm32f4xx_ll_usb.o(.text.USB_DisableGlobalInt)
    USB_EP0_OutStart                         0x08007f85   Thumb Code    90  stm32f4xx_ll_usb.o(.text.USB_EP0_OutStart)
    USB_EPClearStall                         0x08007fe1   Thumb Code    78  stm32f4xx_ll_usb.o(.text.USB_EPClearStall)
    USB_EPSetStall                           0x08008031   Thumb Code    62  stm32f4xx_ll_usb.o(.text.USB_EPSetStall)
    USB_EPStartXfer                          0x08008071   Thumb Code   542  stm32f4xx_ll_usb.o(.text.USB_EPStartXfer)
    USB_EPStopXfer                           0x08008291   Thumb Code   270  stm32f4xx_ll_usb.o(.text.USB_EPStopXfer)
    USB_EnableGlobalInt                      0x080083a1   Thumb Code    14  stm32f4xx_ll_usb.o(.text.USB_EnableGlobalInt)
    USB_FlushTxFifo                          0x080083b1   Thumb Code   190  stm32f4xx_ll_usb.o(.text.USB_FlushTxFifo)
    USB_GetDevSpeed                          0x08008471   Thumb Code    26  stm32f4xx_ll_usb.o(.text.USB_GetDevSpeed)
    USB_GetMode                              0x0800848d   Thumb Code     8  stm32f4xx_ll_usb.o(.text.USB_GetMode)
    USB_ReadDevAllInEpInterrupt              0x08008495   Thumb Code    14  stm32f4xx_ll_usb.o(.text.USB_ReadDevAllInEpInterrupt)
    USB_ReadDevAllOutEpInterrupt             0x080084a5   Thumb Code    14  stm32f4xx_ll_usb.o(.text.USB_ReadDevAllOutEpInterrupt)
    USB_ReadDevInEPInterrupt                 0x080084b5   Thumb Code    36  stm32f4xx_ll_usb.o(.text.USB_ReadDevInEPInterrupt)
    USB_ReadDevOutEPInterrupt                0x080084d9   Thumb Code    16  stm32f4xx_ll_usb.o(.text.USB_ReadDevOutEPInterrupt)
    USB_ReadInterrupts                       0x080084e9   Thumb Code     8  stm32f4xx_ll_usb.o(.text.USB_ReadInterrupts)
    USB_ReadPacket                           0x080084f1   Thumb Code   170  stm32f4xx_ll_usb.o(.text.USB_ReadPacket)
    USB_SetCurrentMode                       0x0800859d   Thumb Code   872  stm32f4xx_ll_usb.o(.text.USB_SetCurrentMode)
    USB_SetDevAddress                        0x08008905   Thumb Code    34  stm32f4xx_ll_usb.o(.text.USB_SetDevAddress)
    USB_SetTurnaroundTime                    0x08008929   Thumb Code   288  stm32f4xx_ll_usb.o(.text.USB_SetTurnaroundTime)
    USB_WritePacket                          0x08008a49   Thumb Code   114  stm32f4xx_ll_usb.o(.text.USB_WritePacket)
    UsageFault_Handler                       0x08008abd   Thumb Code     2  stm32f4xx_it.o(.text.UsageFault_Handler)
    app_CAN_rxtx_init                        0x08008ac1   Thumb Code    88  can_rxtx.o(.text.app_CAN_rxtx_init)
    app_CAN_rxtx_main                        0x08008b19   Thumb Code    52  can_rxtx.o(.text.app_CAN_rxtx_main)
    app_usb_init                             0x08008b4d   Thumb Code    12  usb_test.o(.text.app_usb_init)
    app_usb_loop                             0x08008b59   Thumb Code    80  usb_test.o(.text.app_usb_loop)
    app_usb_rxCallback                       0x08008bb5   Thumb Code     2  usb_test.o(.text.app_usb_rxCallback)
    circular_queue_front                     0x08008bb9   Thumb Code    22  circular_queue.o(.text.circular_queue_front)
    circular_queue_pop                       0x08008bd1   Thumb Code    48  circular_queue.o(.text.circular_queue_pop)
    create_circular_queue                    0x08008c01   Thumb Code    44  circular_queue.o(.text.create_circular_queue)
    cvector_create                           0x08008c2d   Thumb Code    54  cvector.o(.text.cvector_create)
    cvector_pushback                         0x08008c65   Thumb Code    66  cvector.o(.text.cvector_pushback)
    cvector_val_at                           0x08008ca9   Thumb Code    10  cvector.o(.text.cvector_val_at)
    invSqrt                                  0x08008cb5   Thumb Code    50  common.o(.text.invSqrt)
    main                                     0x08008ce9   Thumb Code    94  main.o(.text.main)
    osDelay                                  0x08008d49   Thumb Code    32  cmsis_os2.o(.text.osDelay)
    osKernelInitialize                       0x08008d69   Thumb Code    40  cmsis_os2.o(.text.osKernelInitialize)
    osKernelStart                            0x08008d91   Thumb Code    60  cmsis_os2.o(.text.osKernelStart)
    osThreadNew                              0x08008dcd   Thumb Code   156  cmsis_os2.o(.text.osThreadNew)
    pvPortMalloc                             0x0800970d   Thumb Code   522  heap_4.o(.text.pvPortMalloc)
    pxPortInitialiseStack                    0x08009919   Thumb Code    40  port.o(.text.pxPortInitialiseStack)
    uxListRemove                             0x08009941   Thumb Code    36  list.o(.text.uxListRemove)
    vApplicationGetIdleTaskMemory            0x08009965   Thumb Code    26  cmsis_os2.o(.text.vApplicationGetIdleTaskMemory)
    vApplicationGetTimerTaskMemory           0x08009981   Thumb Code    28  cmsis_os2.o(.text.vApplicationGetTimerTaskMemory)
    vListInitialise                          0x0800999d   Thumb Code    22  list.o(.text.vListInitialise)
    vListInitialiseItem                      0x080099b5   Thumb Code     6  list.o(.text.vListInitialiseItem)
    vListInsert                              0x080099bd   Thumb Code    98  list.o(.text.vListInsert)
    vListInsertEnd                           0x08009a21   Thumb Code    28  list.o(.text.vListInsertEnd)
    vPortEnterCritical                       0x08009a51   Thumb Code    70  port.o(.text.vPortEnterCritical)
    vPortExitCritical                        0x08009a99   Thumb Code    46  port.o(.text.vPortExitCritical)
    vPortFree                                0x08009ac9   Thumb Code   212  heap_4.o(.text.vPortFree)
    vPortSetupTimerInterrupt                 0x08009b9d   Thumb Code    52  port.o(.text.vPortSetupTimerInterrupt)
    vQueueAddToRegistry                      0x08009bd1   Thumb Code   176  queue.o(.text.vQueueAddToRegistry)
    vQueueWaitForMessageRestricted           0x08009c81   Thumb Code    82  queue.o(.text.vQueueWaitForMessageRestricted)
    vTaskDelay                               0x08009cd5   Thumb Code   128  tasks.o(.text.vTaskDelay)
    vTaskDelayUntil                          0x08009d55   Thumb Code   204  tasks.o(.text.vTaskDelayUntil)
    vTaskInternalSetTimeOutState             0x08009e21   Thumb Code    18  tasks.o(.text.vTaskInternalSetTimeOutState)
    vTaskMissedYield                         0x08009e35   Thumb Code    14  tasks.o(.text.vTaskMissedYield)
    vTaskPlaceOnEventList                    0x08009e45   Thumb Code   116  tasks.o(.text.vTaskPlaceOnEventList)
    vTaskPlaceOnEventListRestricted          0x08009eb9   Thumb Code   122  tasks.o(.text.vTaskPlaceOnEventListRestricted)
    vTaskStartScheduler                      0x08009f35   Thumb Code   232  tasks.o(.text.vTaskStartScheduler)
    vTaskSuspendAll                          0x0800a025   Thumb Code    16  tasks.o(.text.vTaskSuspendAll)
    vTaskSwitchContext                       0x0800a035   Thumb Code   188  tasks.o(.text.vTaskSwitchContext)
    xPortStartScheduler                      0x0800a0f1   Thumb Code   388  port.o(.text.xPortStartScheduler)
    xPortSysTickHandler                      0x0800a275   Thumb Code    46  port.o(.text.xPortSysTickHandler)
    xQueueGenericCreateStatic                0x0800a2a5   Thumb Code   222  queue.o(.text.xQueueGenericCreateStatic)
    xQueueGenericSend                        0x0800a385   Thumb Code   554  queue.o(.text.xQueueGenericSend)
    xQueueReceive                            0x0800a5b1   Thumb Code   426  queue.o(.text.xQueueReceive)
    xTaskCheckForTimeOut                     0x0800a75d   Thumb Code   162  tasks.o(.text.xTaskCheckForTimeOut)
    xTaskCreate                              0x0800a801   Thumb Code    96  tasks.o(.text.xTaskCreate)
    xTaskCreateStatic                        0x0800a861   Thumb Code   118  tasks.o(.text.xTaskCreateStatic)
    xTaskGetSchedulerState                   0x0800a8d9   Thumb Code    30  tasks.o(.text.xTaskGetSchedulerState)
    xTaskGetTickCount                        0x0800a8f9   Thumb Code    12  tasks.o(.text.xTaskGetTickCount)
    xTaskIncrementTick                       0x0800a905   Thumb Code   260  tasks.o(.text.xTaskIncrementTick)
    xTaskPriorityDisinherit                  0x0800aa09   Thumb Code   138  tasks.o(.text.xTaskPriorityDisinherit)
    xTaskRemoveFromEventList                 0x0800aa95   Thumb Code   114  tasks.o(.text.xTaskRemoveFromEventList)
    xTaskResumeAll                           0x0800ab09   Thumb Code   238  tasks.o(.text.xTaskResumeAll)
    xTimerCreateTimerTask                    0x0800abf9   Thumb Code   172  timers.o(.text.xTimerCreateTimerTask)
    __0vsnprintf                             0x0800acad   Thumb Code    46  printfa.o(i.__0vsnprintf)
    __1vsnprintf                             0x0800acad   Thumb Code     0  printfa.o(i.__0vsnprintf)
    __2vsnprintf                             0x0800acad   Thumb Code     0  printfa.o(i.__0vsnprintf)
    __c89vsnprintf                           0x0800acad   Thumb Code     0  printfa.o(i.__0vsnprintf)
    vsnprintf                                0x0800acad   Thumb Code     0  printfa.o(i.__0vsnprintf)
    __ARM_fpclassify                         0x0800ace1   Thumb Code    48  fpclassify.o(i.__ARM_fpclassify)
    free                                     0x0800ad11   Thumb Code    88  mallocr.o(i.__free$realloc)
    __hardfp_asin                            0x0800ad71   Thumb Code   770  asin.o(i.__hardfp_asin)
    __hardfp_atan                            0x0800b0d1   Thumb Code   622  atan.o(i.__hardfp_atan)
    __hardfp_atan2                           0x0800b3a9   Thumb Code   448  atan2.o(i.__hardfp_atan2)
    __kernel_poly                            0x0800b5a9   Thumb Code   248  poly.o(i.__kernel_poly)
    malloc                                   0x0800b6a1   Thumb Code    64  mallocr.o(i.__malloc$realloc)
    __mathlib_dbl_infnan                     0x0800b6f1   Thumb Code    20  dunder.o(i.__mathlib_dbl_infnan)
    __mathlib_dbl_infnan2                    0x0800b705   Thumb Code    20  dunder.o(i.__mathlib_dbl_infnan2)
    __mathlib_dbl_invalid                    0x0800b719   Thumb Code    24  dunder.o(i.__mathlib_dbl_invalid)
    __mathlib_dbl_underflow                  0x0800b739   Thumb Code    24  dunder.o(i.__mathlib_dbl_underflow)
    __scatterload_copy                       0x0800b759   Thumb Code    14  handlers.o(i.__scatterload_copy)
    __scatterload_null                       0x0800b767   Thumb Code     2  handlers.o(i.__scatterload_null)
    __scatterload_zeroinit                   0x0800b769   Thumb Code    14  handlers.o(i.__scatterload_zeroinit)
    __set_errno                              0x0800b779   Thumb Code     6  errno.o(i.__set_errno)
    atan                                     0x0800c04d   Thumb Code    16  atan.o(i.atan)
    fabs                                     0x0800c05d   Thumb Code    24  fabs.o(i.fabs)
    realloc                                  0x0800c0c5   Thumb Code   102  mallocr.o(i.realloc)
    sqrt                                     0x0800c131   Thumb Code   110  sqrt.o(i.sqrt)
    __mathlib_zero                           0x0800c288   Data           8  qnan.o(.constdata)
    AHBPrescTable                            0x0800c290   Data          16  system_stm32f4xx.o(.rodata.AHBPrescTable)
    APBPrescTable                            0x0800c2a0   Data           8  system_stm32f4xx.o(.rodata.APBPrescTable)
    CANTask_attributes                       0x0800c2a8   Data          36  freertos.o(.rodata.CANTask_attributes)
    IMUTask_attributes                       0x0800c2cc   Data          36  freertos.o(.rodata.IMUTask_attributes)
    defaultTask_attributes                   0x0800c2f0   Data          36  freertos.o(.rodata.defaultTask_attributes)
    Region$$Table$$Base                      0x0800c338   Number         0  anon$$obj.o(Region$$Table)
    Region$$Table$$Limit                     0x0800c358   Number         0  anon$$obj.o(Region$$Table)
    __microlib_freelist                      0x20000000   Data           4  mvars.o(.data)
    __microlib_freelist_initialised          0x20000004   Data           4  mvars.o(.data)
    uwTickFreq                               0x2000000c   Data           1  stm32f4xx_hal.o(.data..L_MergedGlobals)
    uwTickPrio                               0x20000010   Data           4  stm32f4xx_hal.o(.data..L_MergedGlobals)
    FS_Desc                                  0x20000014   Data          28  usbd_desc.o(.data.FS_Desc)
    SystemCoreClock                          0x20000030   Data           4  system_stm32f4xx.o(.data.SystemCoreClock)
    USBD_CDC                                 0x20000034   Data          56  usbd_cdc.o(.data.USBD_CDC)
    USBD_CDC_LineCoding                      0x200000bc   Data           8  usbd_cdc_if.o(.data.USBD_CDC_LineCoding)
    USBD_FS_DeviceDesc                       0x200000c4   Data          18  usbd_desc.o(.data.USBD_FS_DeviceDesc)
    USBD_Interface_fops_FS                   0x200000d8   Data          20  usbd_cdc_if.o(.data.USBD_Interface_fops_FS)
    USBD_LangIDDesc                          0x200000ec   Data           4  usbd_desc.o(.data.USBD_LangIDDesc)
    USBD_StringSerial                        0x200000f0   Data          26  usbd_desc.o(.data.USBD_StringSerial)
    defaultTaskHandle                        0x20000110   Data           4  freertos.o(.bss..L_MergedGlobals)
    IMUTaskHandle                            0x20000114   Data           4  freertos.o(.bss..L_MergedGlobals)
    CANTaskHandle                            0x20000118   Data           4  freertos.o(.bss..L_MergedGlobals)
    pxCurrentTCB                             0x2000011c   Data           4  tasks.o(.bss..L_MergedGlobals)
    IMU                                      0x20000224   Data         184  freertos.o(.bss.IMU)
    USBD_StrDesc                             0x200002e4   Data         512  usbd_desc.o(.bss.USBD_StrDesc)
    USB_txQueue                              0x20000704   Data           4  bsp_usb.o(.bss.USB_txQueue)
    UserRxBufferFS                           0x20000708   Data        2048  usbd_cdc_if.o(.bss.UserRxBufferFS)
    UserTxBufferFS                           0x20000f08   Data        2048  usbd_cdc_if.o(.bss.UserTxBufferFS)
    can_bus                                  0x20001708   Data         256  bsp_can.o(.bss.can_bus)
    can_device_list                          0x20001808   Data          24  can_rxtx.o(.bss.can_device_list)
    hUsbDeviceFS                             0x20001820   Data         732  usb_device.o(.bss.hUsbDeviceFS)
    hcan1                                    0x20001afc   Data          40  can.o(.bss.hcan1)
    hcan2                                    0x20001b24   Data          40  can.o(.bss.hcan2)
    hi2c1                                    0x20001b4c   Data          84  i2c.o(.bss.hi2c1)
    hi2c2                                    0x20001ba0   Data          84  i2c.o(.bss.hi2c2)
    hpcd_USB_OTG_FS                          0x20001bf4   Data        1252  usbd_conf.o(.bss.hpcd_USB_OTG_FS)
    hspi1                                    0x200020d8   Data          88  spi.o(.bss.hspi1)
    htim13                                   0x20002130   Data          72  tim.o(.bss.htim13)
    htim14                                   0x20002178   Data          72  stm32f4xx_hal_timebase_tim.o(.bss.htim14)
    htim2                                    0x200021c0   Data          72  tim.o(.bss.htim2)
    htim3                                    0x20002208   Data          72  tim.o(.bss.htim3)
    htim5                                    0x20002250   Data          72  tim.o(.bss.htim5)
    htim8                                    0x20002298   Data          72  tim.o(.bss.htim8)
    huart1                                   0x200022e0   Data          72  usart.o(.bss.huart1)
    huart2                                   0x20002328   Data          72  usart.o(.bss.huart2)
    huart3                                   0x20002370   Data          72  usart.o(.bss.huart3)
    usbRxCallback                            0x20006508   Data           4  bsp_usb.o(.bss.usbRxCallback)
    usb_printf_buffer                        0x2000650c   Data          64  bsp_usb.o(.bss.usb_printf_buffer)
    uwTick                                   0x2000654c   Data           4  stm32f4xx_hal.o(.bss.uwTick)
    xQueueRegistry                           0x20006c08   Data          64  queue.o(.bss.xQueueRegistry)
    __heap_base                              0x20006c48   Data           0  startup_stm32f405xx.o(HEAP)
    __heap_limit                             0x20007448   Data           0  startup_stm32f405xx.o(HEAP)
    __initial_sp                             0x20008a48   Data           0  startup_stm32f405xx.o(STACK)



==============================================================================

Memory Map of the image

  Image Entry point : 0x08000189

  Load Region LR_IROM1 (Base: 0x08000000, Size: 0x0000c468, Max: 0x00100000, ABSOLUTE)

    Execution Region ER_IROM1 (Exec base: 0x08000000, Load base: 0x08000000, Size: 0x0000c358, Max: 0x00100000, ABSOLUTE)

    Exec Addr    Load Addr    Size         Type   Attr      Idx    E Section Name        Object

    0x08000000   0x08000000   0x00000188   Data   RO            3    RESET               startup_stm32f405xx.o
    0x08000188   0x08000188   0x00000000   Code   RO         2640  * .ARM.Collect$$$$00000000  mc_w.l(entry.o)
    0x08000188   0x08000188   0x00000004   Code   RO         2749    .ARM.Collect$$$$00000001  mc_w.l(entry2.o)
    0x0800018c   0x0800018c   0x00000004   Code   RO         2752    .ARM.Collect$$$$00000004  mc_w.l(entry5.o)
    0x08000190   0x08000190   0x00000000   Code   RO         2754    .ARM.Collect$$$$00000008  mc_w.l(entry7b.o)
    0x08000190   0x08000190   0x00000000   Code   RO         2756    .ARM.Collect$$$$0000000A  mc_w.l(entry8b.o)
    0x08000190   0x08000190   0x00000008   Code   RO         2757    .ARM.Collect$$$$0000000B  mc_w.l(entry9a.o)
    0x08000198   0x08000198   0x00000000   Code   RO         2759    .ARM.Collect$$$$0000000D  mc_w.l(entry10a.o)
    0x08000198   0x08000198   0x00000000   Code   RO         2761    .ARM.Collect$$$$0000000F  mc_w.l(entry11a.o)
    0x08000198   0x08000198   0x00000004   Code   RO         2750    .ARM.Collect$$$$00002712  mc_w.l(entry2.o)
    0x0800019c   0x0800019c   0x00000024   Code   RO            4    .text               startup_stm32f405xx.o
    0x080001c0   0x080001c0   0x00000062   Code   RO         2643    .text               mc_w.l(uldiv.o)
    0x08000222   0x08000222   0x00000024   Code   RO         2645    .text               mc_w.l(memcpya.o)
    0x08000246   0x08000246   0x00000024   Code   RO         2647    .text               mc_w.l(memseta.o)
    0x0800026a   0x0800026a   0x00000026   Code   RO         2707    .text               mf_w.l(f2d.o)
    0x08000290   0x08000290   0x00000038   Code   RO         2709    .text               mf_w.l(d2f.o)
    0x080002c8   0x080002c8   0x0000002c   Code   RO         2777    .text               mc_w.l(uidiv.o)
    0x080002f4   0x080002f4   0x0000001e   Code   RO         2779    .text               mc_w.l(llshl.o)
    0x08000312   0x08000312   0x00000020   Code   RO         2781    .text               mc_w.l(llushr.o)
    0x08000332   0x08000332   0x00000000   Code   RO         2792    .text               mc_w.l(iusefp.o)
    0x08000332   0x08000332   0x0000006e   Code   RO         2793    .text               mf_w.l(fepilogue.o)
    0x080003a0   0x080003a0   0x0000014e   Code   RO         2795    .text               mf_w.l(dadd.o)
    0x080004ee   0x080004ee   0x000000e4   Code   RO         2797    .text               mf_w.l(dmul.o)
    0x080005d2   0x080005d2   0x000000de   Code   RO         2799    .text               mf_w.l(ddiv.o)
    0x080006b0   0x080006b0   0x00000030   Code   RO         2803    .text               mf_w.l(dfixul.o)
    0x080006e0   0x080006e0   0x00000030   Code   RO         2805    .text               mf_w.l(cdcmple.o)
    0x08000710   0x08000710   0x00000030   Code   RO         2807    .text               mf_w.l(cdrcmple.o)
    0x08000740   0x08000740   0x00000024   Code   RO         2809    .text               mc_w.l(init.o)
    0x08000764   0x08000764   0x00000024   Code   RO         2812    .text               mc_w.l(llsshr.o)
    0x08000788   0x08000788   0x000000ba   Code   RO         2815    .text               mf_w.l(depilogue.o)
    0x08000842   0x08000842   0x000000a2   Code   RO         2817    .text               mf_w.l(dsqrt.o)
    0x080008e4   0x080008e4   0x000006a0   Code   RO         2299    .text.BMI088_init   bmi088.o
    0x08000f84   0x08000f84   0x00000288   Code   RO         2309    .text.BMI088_update  bmi088.o
    0x0800120c   0x0800120c   0x00000408   Code   RO         2229    .text.BSP_CAN_AddFilter  bsp_can.o
    0x08001614   0x08001614   0x000000b0   Code   RO         2235    .text.BSP_CAN_FifoMsg_Callback  bsp_can.o
    0x080016c4   0x080016c4   0x000000ea   Code   RO         2223    .text.BSP_CAN_Init  bsp_can.o
    0x080017ae   0x080017ae   0x00000002   PAD
    0x080017b0   0x080017b0   0x0000001e   Code   RO         2233    .text.BSP_CAN_RegisterRxCallback  bsp_can.o
    0x080017ce   0x080017ce   0x00000002   PAD
    0x080017d0   0x080017d0   0x0000004e   Code   RO         2225    .text.BSP_CAN_Send  bsp_can.o
    0x0800181e   0x0800181e   0x00000002   PAD
    0x08001820   0x08001820   0x00000016   Code   RO         2258    .text.BSP_USB_Init  bsp_usb.o
    0x08001836   0x08001836   0x00000002   PAD
    0x08001838   0x08001838   0x00000044   Code   RO         2260    .text.BSP_USB_Loop  bsp_usb.o
    0x0800187c   0x0800187c   0x0000000c   Code   RO         2266    .text.BSP_USB_RegisterCallback  bsp_usb.o
    0x08001888   0x08001888   0x0000003a   Code   RO         2268    .text.BSP_USB_printf  bsp_usb.o
    0x080018c2   0x080018c2   0x00000002   PAD
    0x080018c4   0x080018c4   0x00000004   Code   RO         2250    .text.BSP_sys_time_ms  bsp_time.o
    0x080018c8   0x080018c8   0x00000002   Code   RO          171    .text.BusFault_Handler  stm32f4xx_it.o
    0x080018ca   0x080018ca   0x00000002   PAD
    0x080018cc   0x080018cc   0x0000000c   Code   RO          177    .text.CAN1_RX0_IRQHandler  stm32f4xx_it.o
    0x080018d8   0x080018d8   0x0000000c   Code   RO          179    .text.CAN1_RX1_IRQHandler  stm32f4xx_it.o
    0x080018e4   0x080018e4   0x0000000c   Code   RO          185    .text.CAN2_RX0_IRQHandler  stm32f4xx_it.o
    0x080018f0   0x080018f0   0x0000000c   Code   RO          187    .text.CAN2_RX1_IRQHandler  stm32f4xx_it.o
    0x080018fc   0x080018fc   0x0000002e   Code   RO         2321    .text.CANDevice_rxCallBack  can_rxtx.o
    0x0800192a   0x0800192a   0x00000002   PAD
    0x0800192c   0x0800192c   0x00000052   Code   RO         2390    .text.CDC_Control_FS  usbd_cdc_if.o
    0x0800197e   0x0800197e   0x00000002   PAD
    0x08001980   0x08001980   0x00000004   Code   RO         2388    .text.CDC_DeInit_FS  usbd_cdc_if.o
    0x08001984   0x08001984   0x0000002c   Code   RO         2386    .text.CDC_Init_FS   usbd_cdc_if.o
    0x080019b0   0x080019b0   0x00000030   Code   RO         2392    .text.CDC_Receive_FS  usbd_cdc_if.o
    0x080019e0   0x080019e0   0x00000004   Code   RO         2394    .text.CDC_TransmitCplt_FS  usbd_cdc_if.o
    0x080019e4   0x080019e4   0x00000036   Code   RO         2396    .text.CDC_Transmit_FS  usbd_cdc_if.o
    0x08001a1a   0x08001a1a   0x00000002   PAD
    0x08001a1c   0x08001a1c   0x00000002   Code   RO          175    .text.DebugMon_Handler  stm32f4xx_it.o
    0x08001a1e   0x08001a1e   0x00000002   PAD
    0x08001a20   0x08001a20   0x00000006   Code   RO           15    .text.Error_Handler  main.o
    0x08001a26   0x08001a26   0x00000002   PAD
    0x08001a28   0x08001a28   0x00000056   Code   RO          823    .text.HAL_CAN_AbortTxRequest  stm32f4xx_hal_can.o
    0x08001a7e   0x08001a7e   0x00000002   PAD
    0x08001a80   0x08001a80   0x0000002e   Code   RO          835    .text.HAL_CAN_ActivateNotification  stm32f4xx_hal_can.o
    0x08001aae   0x08001aae   0x00000002   PAD
    0x08001ab0   0x08001ab0   0x000000a4   Code   RO          821    .text.HAL_CAN_AddTxMessage  stm32f4xx_hal_can.o
    0x08001b54   0x08001b54   0x000000de   Code   RO          811    .text.HAL_CAN_ConfigFilter  stm32f4xx_hal_can.o
    0x08001c32   0x08001c32   0x00000002   PAD
    0x08001c34   0x08001c34   0x00000002   Code   RO          865    .text.HAL_CAN_ErrorCallback  stm32f4xx_hal_can.o
    0x08001c36   0x08001c36   0x00000002   PAD
    0x08001c38   0x08001c38   0x00000134   Code   RO          831    .text.HAL_CAN_GetRxMessage  stm32f4xx_hal_can.o
    0x08001d6c   0x08001d6c   0x00000028   Code   RO          825    .text.HAL_CAN_GetTxMailboxesFreeLevel  stm32f4xx_hal_can.o
    0x08001d94   0x08001d94   0x0000025e   Code   RO          839    .text.HAL_CAN_IRQHandler  stm32f4xx_hal_can.o
    0x08001ff2   0x08001ff2   0x00000002   PAD
    0x08001ff4   0x08001ff4   0x000000f4   Code   RO          801    .text.HAL_CAN_Init  stm32f4xx_hal_can.o
    0x080020e8   0x080020e8   0x0000012a   Code   RO           63    .text.HAL_CAN_MspInit  can.o
    0x08002212   0x08002212   0x00000002   PAD
    0x08002214   0x08002214   0x00000002   Code   RO          853    .text.HAL_CAN_RxFifo0FullCallback  stm32f4xx_hal_can.o
    0x08002216   0x08002216   0x00000002   PAD
    0x08002218   0x08002218   0x00000006   Code   RO         2237    .text.HAL_CAN_RxFifo0MsgPendingCallback  bsp_can.o
    0x0800221e   0x0800221e   0x00000002   PAD
    0x08002220   0x08002220   0x00000002   Code   RO          857    .text.HAL_CAN_RxFifo1FullCallback  stm32f4xx_hal_can.o
    0x08002222   0x08002222   0x00000002   PAD
    0x08002224   0x08002224   0x00000006   Code   RO         2239    .text.HAL_CAN_RxFifo1MsgPendingCallback  bsp_can.o
    0x0800222a   0x0800222a   0x00000002   PAD
    0x0800222c   0x0800222c   0x00000002   Code   RO          861    .text.HAL_CAN_SleepCallback  stm32f4xx_hal_can.o
    0x0800222e   0x0800222e   0x00000002   PAD
    0x08002230   0x08002230   0x0000005a   Code   RO          813    .text.HAL_CAN_Start  stm32f4xx_hal_can.o
    0x0800228a   0x0800228a   0x00000002   PAD
    0x0800228c   0x0800228c   0x00000002   Code   RO          843    .text.HAL_CAN_TxMailbox0AbortCallback  stm32f4xx_hal_can.o
    0x0800228e   0x0800228e   0x00000002   PAD
    0x08002290   0x08002290   0x00000002   Code   RO          841    .text.HAL_CAN_TxMailbox0CompleteCallback  stm32f4xx_hal_can.o
    0x08002292   0x08002292   0x00000002   PAD
    0x08002294   0x08002294   0x00000002   Code   RO          847    .text.HAL_CAN_TxMailbox1AbortCallback  stm32f4xx_hal_can.o
    0x08002296   0x08002296   0x00000002   PAD
    0x08002298   0x08002298   0x00000002   Code   RO          845    .text.HAL_CAN_TxMailbox1CompleteCallback  stm32f4xx_hal_can.o
    0x0800229a   0x0800229a   0x00000002   PAD
    0x0800229c   0x0800229c   0x00000002   Code   RO          851    .text.HAL_CAN_TxMailbox2AbortCallback  stm32f4xx_hal_can.o
    0x0800229e   0x0800229e   0x00000002   PAD
    0x080022a0   0x080022a0   0x00000002   Code   RO          849    .text.HAL_CAN_TxMailbox2CompleteCallback  stm32f4xx_hal_can.o
    0x080022a2   0x080022a2   0x00000002   PAD
    0x080022a4   0x080022a4   0x00000002   Code   RO          863    .text.HAL_CAN_WakeUpFromRxMsgCallback  stm32f4xx_hal_can.o
    0x080022a6   0x080022a6   0x00000002   PAD
    0x080022a8   0x080022a8   0x00000024   Code   RO          578    .text.HAL_DMA_Abort_IT  stm32f4xx_hal_dma.o
    0x080022cc   0x080022cc   0x00000028   Code   RO          731    .text.HAL_Delay     stm32f4xx_hal.o
    0x080022f4   0x080022f4   0x000001ba   Code   RO          530    .text.HAL_GPIO_Init  stm32f4xx_hal_gpio.o
    0x080024ae   0x080024ae   0x00000002   PAD
    0x080024b0   0x080024b0   0x0000000a   Code   RO          536    .text.HAL_GPIO_WritePin  stm32f4xx_hal_gpio.o
    0x080024ba   0x080024ba   0x00000002   PAD
    0x080024bc   0x080024bc   0x0000000c   Code   RO          723    .text.HAL_GetTick   stm32f4xx_hal.o
    0x080024c8   0x080024c8   0x00000176   Code   RO          881    .text.HAL_I2C_Init  stm32f4xx_hal_i2c.o
    0x0800263e   0x0800263e   0x00000002   PAD
    0x08002640   0x08002640   0x000000d6   Code   RO           82    .text.HAL_I2C_MspInit  i2c.o
    0x08002716   0x08002716   0x00000002   PAD
    0x08002718   0x08002718   0x0000001a   Code   RO          721    .text.HAL_IncTick   stm32f4xx_hal.o
    0x08002732   0x08002732   0x00000002   PAD
    0x08002734   0x08002734   0x00000036   Code   RO          711    .text.HAL_Init      stm32f4xx_hal.o
    0x0800276a   0x0800276a   0x00000002   PAD
    0x0800276c   0x0800276c   0x000000bc   Code   RO          207    .text.HAL_InitTick  stm32f4xx_hal_timebase_tim.o
    0x08002828   0x08002828   0x00000042   Code   RO          198    .text.HAL_MspInit   stm32f4xx_hal_msp.o
    0x0800286a   0x0800286a   0x00000002   PAD
    0x0800286c   0x0800286c   0x00000020   Code   RO          667    .text.HAL_NVIC_EnableIRQ  stm32f4xx_hal_cortex.o
    0x0800288c   0x0800288c   0x00000056   Code   RO          665    .text.HAL_NVIC_SetPriority  stm32f4xx_hal_cortex.o
    0x080028e2   0x080028e2   0x00000002   PAD
    0x080028e4   0x080028e4   0x00000020   Code   RO          663    .text.HAL_NVIC_SetPriorityGrouping  stm32f4xx_hal_cortex.o
    0x08002904   0x08002904   0x00000002   Code   RO          304    .text.HAL_PCDEx_LPM_Callback  stm32f4xx_hal_pcd_ex.o
    0x08002906   0x08002906   0x00000002   PAD
    0x08002908   0x08002908   0x00000008   Code   RO          302    .text.HAL_PCDEx_SetRxFiFo  stm32f4xx_hal_pcd_ex.o
    0x08002910   0x08002910   0x000000ea   Code   RO          300    .text.HAL_PCDEx_SetTxFiFo  stm32f4xx_hal_pcd_ex.o
    0x080029fa   0x080029fa   0x00000002   PAD
    0x080029fc   0x080029fc   0x00000008   Code   RO         2432    .text.HAL_PCD_ConnectCallback  usbd_conf.o
    0x08002a04   0x08002a04   0x00000014   Code   RO         2418    .text.HAL_PCD_DataInStageCallback  usbd_conf.o
    0x08002a18   0x08002a18   0x00000016   Code   RO         2416    .text.HAL_PCD_DataOutStageCallback  usbd_conf.o
    0x08002a2e   0x08002a2e   0x00000002   PAD
    0x08002a30   0x08002a30   0x00000008   Code   RO         2434    .text.HAL_PCD_DisconnectCallback  usbd_conf.o
    0x08002a38   0x08002a38   0x0000004a   Code   RO          270    .text.HAL_PCD_EP_Close  stm32f4xx_hal_pcd.o
    0x08002a82   0x08002a82   0x00000002   PAD
    0x08002a84   0x08002a84   0x00000062   Code   RO          280    .text.HAL_PCD_EP_ClrStall  stm32f4xx_hal_pcd.o
    0x08002ae6   0x08002ae6   0x00000002   PAD
    0x08002ae8   0x08002ae8   0x00000012   Code   RO          274    .text.HAL_PCD_EP_GetRxCount  stm32f4xx_hal_pcd.o
    0x08002afa   0x08002afa   0x00000002   PAD
    0x08002afc   0x08002afc   0x00000060   Code   RO          268    .text.HAL_PCD_EP_Open  stm32f4xx_hal_pcd.o
    0x08002b5c   0x08002b5c   0x00000044   Code   RO          272    .text.HAL_PCD_EP_Receive  stm32f4xx_hal_pcd.o
    0x08002ba0   0x08002ba0   0x00000078   Code   RO          278    .text.HAL_PCD_EP_SetStall  stm32f4xx_hal_pcd.o
    0x08002c18   0x08002c18   0x00000042   Code   RO          276    .text.HAL_PCD_EP_Transmit  stm32f4xx_hal_pcd.o
    0x08002c5a   0x08002c5a   0x00000002   PAD
    0x08002c5c   0x08002c5c   0x0000092e   Code   RO          234    .text.HAL_PCD_IRQHandler  stm32f4xx_hal_pcd.o
    0x0800358a   0x0800358a   0x00000002   PAD
    0x0800358c   0x0800358c   0x00000008   Code   RO         2430    .text.HAL_PCD_ISOINIncompleteCallback  usbd_conf.o
    0x08003594   0x08003594   0x00000008   Code   RO         2428    .text.HAL_PCD_ISOOUTIncompleteCallback  usbd_conf.o
    0x0800359c   0x0800359c   0x00000272   Code   RO          222    .text.HAL_PCD_Init  stm32f4xx_hal_pcd.o
    0x0800380e   0x0800380e   0x00000002   PAD
    0x08003810   0x08003810   0x0000007e   Code   RO         2410    .text.HAL_PCD_MspInit  usbd_conf.o
    0x0800388e   0x0800388e   0x00000002   PAD
    0x08003890   0x08003890   0x0000002a   Code   RO         2422    .text.HAL_PCD_ResetCallback  usbd_conf.o
    0x080038ba   0x080038ba   0x00000002   PAD
    0x080038bc   0x080038bc   0x00000008   Code   RO         2426    .text.HAL_PCD_ResumeCallback  usbd_conf.o
    0x080038c4   0x080038c4   0x00000008   Code   RO         2420    .text.HAL_PCD_SOFCallback  usbd_conf.o
    0x080038cc   0x080038cc   0x00000026   Code   RO          266    .text.HAL_PCD_SetAddress  stm32f4xx_hal_pcd.o
    0x080038f2   0x080038f2   0x00000002   PAD
    0x080038f4   0x080038f4   0x0000000e   Code   RO         2414    .text.HAL_PCD_SetupStageCallback  usbd_conf.o
    0x08003902   0x08003902   0x00000002   PAD
    0x08003904   0x08003904   0x0000003e   Code   RO          230    .text.HAL_PCD_Start  stm32f4xx_hal_pcd.o
    0x08003942   0x08003942   0x00000002   PAD
    0x08003944   0x08003944   0x00000034   Code   RO         2424    .text.HAL_PCD_SuspendCallback  usbd_conf.o
    0x08003978   0x08003978   0x00000160   Code   RO          424    .text.HAL_RCC_ClockConfig  stm32f4xx_hal_rcc.o
    0x08003ad8   0x08003ad8   0x0000003e   Code   RO          442    .text.HAL_RCC_GetClockConfig  stm32f4xx_hal_rcc.o
    0x08003b16   0x08003b16   0x00000002   PAD
    0x08003b18   0x08003b18   0x0000000c   Code   RO          434    .text.HAL_RCC_GetHCLKFreq  stm32f4xx_hal_rcc.o
    0x08003b24   0x08003b24   0x00000026   Code   RO          436    .text.HAL_RCC_GetPCLK1Freq  stm32f4xx_hal_rcc.o
    0x08003b4a   0x08003b4a   0x00000002   PAD
    0x08003b4c   0x08003b4c   0x00000026   Code   RO          438    .text.HAL_RCC_GetPCLK2Freq  stm32f4xx_hal_rcc.o
    0x08003b72   0x08003b72   0x00000002   PAD
    0x08003b74   0x08003b74   0x0000006c   Code   RO          426    .text.HAL_RCC_GetSysClockFreq  stm32f4xx_hal_rcc.o
    0x08003be0   0x08003be0   0x00000378   Code   RO          422    .text.HAL_RCC_OscConfig  stm32f4xx_hal_rcc.o
    0x08003f58   0x08003f58   0x00000002   Code   RO         1100    .text.HAL_SPI_ErrorCallback  stm32f4xx_hal_spi.o
    0x08003f5a   0x08003f5a   0x00000002   PAD
    0x08003f5c   0x08003f5c   0x00000006   Code   RO         1114    .text.HAL_SPI_GetState  stm32f4xx_hal_spi.o
    0x08003f62   0x08003f62   0x00000002   PAD
    0x08003f64   0x08003f64   0x0000012c   Code   RO         1096    .text.HAL_SPI_IRQHandler  stm32f4xx_hal_spi.o
    0x08004090   0x08004090   0x000000b4   Code   RO         1020    .text.HAL_SPI_Init  stm32f4xx_hal_spi.o
    0x08004144   0x08004144   0x0000007a   Code   RO           98    .text.HAL_SPI_MspInit  spi.o
    0x080041be   0x080041be   0x00000002   PAD
    0x080041c0   0x080041c0   0x000001fe   Code   RO         1030    .text.HAL_SPI_Receive  stm32f4xx_hal_spi.o
    0x080043be   0x080043be   0x00000002   PAD
    0x080043c0   0x080043c0   0x00000298   Code   RO         1028    .text.HAL_SPI_Transmit  stm32f4xx_hal_spi.o
    0x08004658   0x08004658   0x00000362   Code   RO         1032    .text.HAL_SPI_TransmitReceive  stm32f4xx_hal_spi.o
    0x080049ba   0x080049ba   0x00000002   PAD
    0x080049bc   0x080049bc   0x00000002   Code   RO         1439    .text.HAL_TIMEx_BreakCallback  stm32f4xx_hal_tim_ex.o
    0x080049be   0x080049be   0x00000002   PAD
    0x080049c0   0x080049c0   0x00000002   Code   RO         1435    .text.HAL_TIMEx_CommutCallback  stm32f4xx_hal_tim_ex.o
    0x080049c2   0x080049c2   0x00000002   PAD
    0x080049c4   0x080049c4   0x0000004c   Code   RO         1431    .text.HAL_TIMEx_ConfigBreakDeadTime  stm32f4xx_hal_tim_ex.o
    0x08004a10   0x08004a10   0x000000b6   Code   RO         1429    .text.HAL_TIMEx_MasterConfigSynchronization  stm32f4xx_hal_tim_ex.o
    0x08004ac6   0x08004ac6   0x00000002   PAD
    0x08004ac8   0x08004ac8   0x0000005a   Code   RO         1134    .text.HAL_TIM_Base_Init  stm32f4xx_hal_tim.o
    0x08004b22   0x08004b22   0x00000002   PAD
    0x08004b24   0x08004b24   0x00000036   Code   RO          125    .text.HAL_TIM_Base_MspInit  tim.o
    0x08004b5a   0x08004b5a   0x00000002   PAD
    0x08004b5c   0x08004b5c   0x000000a2   Code   RO         1144    .text.HAL_TIM_Base_Start  stm32f4xx_hal_tim.o
    0x08004bfe   0x08004bfe   0x00000002   PAD
    0x08004c00   0x08004c00   0x000000aa   Code   RO         1148    .text.HAL_TIM_Base_Start_IT  stm32f4xx_hal_tim.o
    0x08004caa   0x08004caa   0x00000002   PAD
    0x08004cac   0x08004cac   0x00000034   Code   RO         1146    .text.HAL_TIM_Base_Stop  stm32f4xx_hal_tim.o
    0x08004ce0   0x08004ce0   0x00000002   Code   RO         1270    .text.HAL_TIM_IC_CaptureCallback  stm32f4xx_hal_tim.o
    0x08004ce2   0x08004ce2   0x00000002   PAD
    0x08004ce4   0x08004ce4   0x0000014e   Code   RO         1268    .text.HAL_TIM_IRQHandler  stm32f4xx_hal_tim.o
    0x08004e32   0x08004e32   0x00000002   PAD
    0x08004e34   0x08004e34   0x00000160   Code   RO          113    .text.HAL_TIM_MspPostInit  tim.o
    0x08004f94   0x08004f94   0x00000002   Code   RO         1272    .text.HAL_TIM_OC_DelayElapsedCallback  stm32f4xx_hal_tim.o
    0x08004f96   0x08004f96   0x00000002   PAD
    0x08004f98   0x08004f98   0x00000222   Code   RO         1288    .text.HAL_TIM_PWM_ConfigChannel  stm32f4xx_hal_tim.o
    0x080051ba   0x080051ba   0x00000002   PAD
    0x080051bc   0x080051bc   0x0000005a   Code   RO         1188    .text.HAL_TIM_PWM_Init  stm32f4xx_hal_tim.o
    0x08005216   0x08005216   0x00000002   PAD
    0x08005218   0x08005218   0x000000da   Code   RO          123    .text.HAL_TIM_PWM_MspInit  tim.o
    0x080052f2   0x080052f2   0x00000002   PAD
    0x080052f4   0x080052f4   0x00000002   Code   RO         1274    .text.HAL_TIM_PWM_PulseFinishedCallback  stm32f4xx_hal_tim.o
    0x080052f6   0x080052f6   0x00000002   PAD
    0x080052f8   0x080052f8   0x00000014   Code   RO           17    .text.HAL_TIM_PeriodElapsedCallback  main.o
    0x0800530c   0x0800530c   0x00000002   Code   RO         1278    .text.HAL_TIM_TriggerCallback  stm32f4xx_hal_tim.o
    0x0800530e   0x0800530e   0x00000002   PAD
    0x08005310   0x08005310   0x00000060   Code   RO         1453    .text.HAL_UART_Init  stm32f4xx_hal_uart.o
    0x08005370   0x08005370   0x00000108   Code   RO          150    .text.HAL_UART_MspInit  usart.o
    0x08005478   0x08005478   0x00000002   Code   RO          167    .text.HardFault_Handler  stm32f4xx_it.o
    0x0800547a   0x0800547a   0x00000002   PAD
    0x0800547c   0x0800547c   0x00000044   Code   RO           59    .text.MX_CAN1_Init  can.o
    0x080054c0   0x080054c0   0x00000044   Code   RO           61    .text.MX_CAN2_Init  can.o
    0x08005504   0x08005504   0x00000054   Code   RO           37    .text.MX_FREERTOS_Init  freertos.o
    0x08005558   0x08005558   0x000000b4   Code   RO           28    .text.MX_GPIO_Init  gpio.o
    0x0800560c   0x0800560c   0x00000042   Code   RO           78    .text.MX_I2C1_Init  i2c.o
    0x0800564e   0x0800564e   0x00000002   PAD
    0x08005650   0x08005650   0x00000042   Code   RO           80    .text.MX_I2C2_Init  i2c.o
    0x08005692   0x08005692   0x00000002   PAD
    0x08005694   0x08005694   0x00000052   Code   RO           96    .text.MX_SPI1_Init  spi.o
    0x080056e6   0x080056e6   0x00000002   PAD
    0x080056e8   0x080056e8   0x00000034   Code   RO          121    .text.MX_TIM13_Init  tim.o
    0x0800571c   0x0800571c   0x0000009c   Code   RO          111    .text.MX_TIM2_Init  tim.o
    0x080057b8   0x080057b8   0x000000a0   Code   RO          115    .text.MX_TIM3_Init  tim.o
    0x08005858   0x08005858   0x00000088   Code   RO          117    .text.MX_TIM5_Init  tim.o
    0x080058e0   0x080058e0   0x000000ce   Code   RO          119    .text.MX_TIM8_Init  tim.o
    0x080059ae   0x080059ae   0x00000002   PAD
    0x080059b0   0x080059b0   0x0000003c   Code   RO          144    .text.MX_USART1_UART_Init  usart.o
    0x080059ec   0x080059ec   0x0000003c   Code   RO          146    .text.MX_USART2_UART_Init  usart.o
    0x08005a28   0x08005a28   0x0000003c   Code   RO          148    .text.MX_USART3_UART_Init  usart.o
    0x08005a64   0x08005a64   0x00000072   Code   RO         2350    .text.MX_USB_DEVICE_Init  usb_device.o
    0x08005ad6   0x08005ad6   0x00000002   PAD
    0x08005ad8   0x08005ad8   0x00000016   Code   RO         2281    .text.MahonyAHRS_init  mahonyahrs.o
    0x08005aee   0x08005aee   0x00000002   PAD
    0x08005af0   0x08005af0   0x00000330   Code   RO         2285    .text.MahonyAHRS_update  mahonyahrs.o
    0x08005e20   0x08005e20   0x00000002   Code   RO          169    .text.MemManage_Handler  stm32f4xx_it.o
    0x08005e22   0x08005e22   0x00000002   PAD
    0x08005e24   0x08005e24   0x00000002   Code   RO          165    .text.NMI_Handler   stm32f4xx_it.o
    0x08005e26   0x08005e26   0x00000002   PAD
    0x08005e28   0x08005e28   0x0000000c   Code   RO          189    .text.OTG_FS_IRQHandler  stm32f4xx_it.o
    0x08005e34   0x08005e34   0x0000000c   PAD
    0x08005e40   0x08005e40   0x00000064   Code   RO         2144    .text.PendSV_Handler  port.o
    0x08005ea4   0x08005ea4   0x0000000c   Code   RO          181    .text.SPI1_IRQHandler  stm32f4xx_it.o
    0x08005eb0   0x08005eb0   0x0000000c   Code   RO         1098    .text.SPI_DMAAbortOnError  stm32f4xx_hal_spi.o
    0x08005ebc   0x08005ebc   0x00000120   Code   RO         1124    .text.SPI_WaitFlagStateUntilTimeout  stm32f4xx_hal_spi.o
    0x08005fdc   0x08005fdc   0x00000004   PAD
    0x08005fe0   0x08005fe0   0x00000024   Code   RO         2128    .text.SVC_Handler   port.o
    0x08006004   0x08006004   0x00000026   Code   RO           43    .text.StartCANTask  freertos.o
    0x0800602a   0x0800602a   0x00000002   PAD
    0x0800602c   0x0800602c   0x00000018   Code   RO           39    .text.StartDefaultTask  freertos.o
    0x08006044   0x08006044   0x00000028   Code   RO           41    .text.StartIMUTask  freertos.o
    0x0800606c   0x0800606c   0x0000001e   Code   RO         1939    .text.SysTick_Handler  cmsis_os2.o
    0x0800608a   0x0800608a   0x00000002   PAD
    0x0800608c   0x0800608c   0x000000a8   Code   RO           13    .text.SystemClock_Config  main.o
    0x08006134   0x08006134   0x00000012   Code   RO         1575    .text.SystemInit    system_stm32f4xx.o
    0x08006146   0x08006146   0x00000002   PAD
    0x08006148   0x08006148   0x0000001e   Code   RO          183    .text.TIM8_TRG_COM_TIM14_IRQHandler  stm32f4xx_it.o
    0x08006166   0x08006166   0x00000002   PAD
    0x08006168   0x08006168   0x0000014c   Code   RO         1138    .text.TIM_Base_SetConfig  stm32f4xx_hal_tim.o
    0x080062b4   0x080062b4   0x000000e2   Code   RO         1457    .text.UART_SetConfig  stm32f4xx_hal_uart.o
    0x08006396   0x08006396   0x00000002   PAD
    0x08006398   0x08006398   0x00000076   Code   RO         2589    .text.USBD_CDC_DataIn  usbd_cdc.o
    0x0800640e   0x0800640e   0x00000002   PAD
    0x08006410   0x08006410   0x0000003c   Code   RO         2591    .text.USBD_CDC_DataOut  usbd_cdc.o
    0x0800644c   0x0800644c   0x0000005a   Code   RO         2583    .text.USBD_CDC_DeInit  usbd_cdc.o
    0x080064a6   0x080064a6   0x00000002   PAD
    0x080064a8   0x080064a8   0x0000003c   Code   RO         2587    .text.USBD_CDC_EP0_RxReady  usbd_cdc.o
    0x080064e4   0x080064e4   0x00000010   Code   RO         2599    .text.USBD_CDC_GetDeviceQualifierDescriptor  usbd_cdc.o
    0x080064f4   0x080064f4   0x00000052   Code   RO         2595    .text.USBD_CDC_GetFSCfgDesc  usbd_cdc.o
    0x08006546   0x08006546   0x00000002   PAD
    0x08006548   0x08006548   0x00000056   Code   RO         2593    .text.USBD_CDC_GetHSCfgDesc  usbd_cdc.o
    0x0800659e   0x0800659e   0x00000002   PAD
    0x080065a0   0x080065a0   0x00000052   Code   RO         2597    .text.USBD_CDC_GetOtherSpeedCfgDesc  usbd_cdc.o
    0x080065f2   0x080065f2   0x00000002   PAD
    0x080065f4   0x080065f4   0x000000d6   Code   RO         2581    .text.USBD_CDC_Init  usbd_cdc.o
    0x080066ca   0x080066ca   0x00000002   PAD
    0x080066cc   0x080066cc   0x00000034   Code   RO         2609    .text.USBD_CDC_ReceivePacket  usbd_cdc.o
    0x08006700   0x08006700   0x00000018   Code   RO         2601    .text.USBD_CDC_RegisterInterface  usbd_cdc.o
    0x08006718   0x08006718   0x0000001a   Code   RO         2605    .text.USBD_CDC_SetRxBuffer  usbd_cdc.o
    0x08006732   0x08006732   0x00000002   PAD
    0x08006734   0x08006734   0x0000001e   Code   RO         2603    .text.USBD_CDC_SetTxBuffer  usbd_cdc.o
    0x08006752   0x08006752   0x00000002   PAD
    0x08006754   0x08006754   0x000000fc   Code   RO         2585    .text.USBD_CDC_Setup  usbd_cdc.o
    0x08006850   0x08006850   0x0000003e   Code   RO         2607    .text.USBD_CDC_TransmitPacket  usbd_cdc.o
    0x0800688e   0x0800688e   0x00000002   PAD
    0x08006890   0x08006890   0x00000012   Code   RO         2496    .text.USBD_ClrClassConfig  usbd_core.o
    0x080068a2   0x080068a2   0x00000002   PAD
    0x080068a4   0x080068a4   0x00000004   Code   RO         2504    .text.USBD_CoreFindEP  usbd_core.o
    0x080068a8   0x080068a8   0x00000004   Code   RO         2502    .text.USBD_CoreFindIF  usbd_core.o
    0x080068ac   0x080068ac   0x00000010   Code   RO         2565    .text.USBD_CtlContinueRx  usbd_ioreq.o
    0x080068bc   0x080068bc   0x00000010   Code   RO         2561    .text.USBD_CtlContinueSendData  usbd_ioreq.o
    0x080068cc   0x080068cc   0x00000016   Code   RO         2540    .text.USBD_CtlError  usbd_ctlreq.o
    0x080068e2   0x080068e2   0x00000002   PAD
    0x080068e4   0x080068e4   0x0000001a   Code   RO         2563    .text.USBD_CtlPrepareRx  usbd_ioreq.o
    0x080068fe   0x080068fe   0x00000002   PAD
    0x08006900   0x08006900   0x00000016   Code   RO         2569    .text.USBD_CtlReceiveStatus  usbd_ioreq.o
    0x08006916   0x08006916   0x00000002   PAD
    0x08006918   0x08006918   0x0000001a   Code   RO         2559    .text.USBD_CtlSendData  usbd_ioreq.o
    0x08006932   0x08006932   0x00000002   PAD
    0x08006934   0x08006934   0x00000016   Code   RO         2567    .text.USBD_CtlSendStatus  usbd_ioreq.o
    0x0800694a   0x0800694a   0x00000002   PAD
    0x0800694c   0x0800694c   0x00000024   Code   RO         2369    .text.USBD_FS_ConfigStrDescriptor  usbd_desc.o
    0x08006970   0x08006970   0x0000000e   Code   RO         2359    .text.USBD_FS_DeviceDescriptor  usbd_desc.o
    0x0800697e   0x0800697e   0x00000002   PAD
    0x08006980   0x08006980   0x00000028   Code   RO         2371    .text.USBD_FS_InterfaceStrDescriptor  usbd_desc.o
    0x080069a8   0x080069a8   0x0000000e   Code   RO         2361    .text.USBD_FS_LangIDStrDescriptor  usbd_desc.o
    0x080069b6   0x080069b6   0x00000002   PAD
    0x080069b8   0x080069b8   0x0000002c   Code   RO         2363    .text.USBD_FS_ManufacturerStrDescriptor  usbd_desc.o
    0x080069e4   0x080069e4   0x00000030   Code   RO         2365    .text.USBD_FS_ProductStrDescriptor  usbd_desc.o
    0x08006a14   0x08006a14   0x0000016c   Code   RO         2367    .text.USBD_FS_SerialStrDescriptor  usbd_desc.o
    0x08006b80   0x08006b80   0x00000040   Code   RO         2526    .text.USBD_GetEpDesc  usbd_core.o
    0x08006bc0   0x08006bc0   0x000000da   Code   RO         2548    .text.USBD_GetString  usbd_ctlreq.o
    0x08006c9a   0x08006c9a   0x00000002   PAD
    0x08006c9c   0x08006c9c   0x0000002a   Code   RO         2482    .text.USBD_Init     usbd_core.o
    0x08006cc6   0x08006cc6   0x00000002   PAD
    0x08006cc8   0x08006cc8   0x00000022   Code   RO         2454    .text.USBD_LL_ClearStallEP  usbd_conf.o
    0x08006cea   0x08006cea   0x00000002   PAD
    0x08006cec   0x08006cec   0x00000022   Code   RO         2448    .text.USBD_LL_CloseEP  usbd_conf.o
    0x08006d0e   0x08006d0e   0x00000002   PAD
    0x08006d10   0x08006d10   0x000000b6   Code   RO         2506    .text.USBD_LL_DataInStage  usbd_core.o
    0x08006dc6   0x08006dc6   0x00000002   PAD
    0x08006dc8   0x08006dc8   0x00000078   Code   RO         2500    .text.USBD_LL_DataOutStage  usbd_core.o
    0x08006e40   0x08006e40   0x00000004   Code   RO         2522    .text.USBD_LL_DevConnected  usbd_core.o
    0x08006e44   0x08006e44   0x00000020   Code   RO         2524    .text.USBD_LL_DevDisconnected  usbd_core.o
    0x08006e64   0x08006e64   0x00000008   Code   RO         2464    .text.USBD_LL_GetRxDataSize  usbd_conf.o
    0x08006e6c   0x08006e6c   0x0000006c   Code   RO         2436    .text.USBD_LL_Init  usbd_conf.o
    0x08006ed8   0x08006ed8   0x00000020   Code   RO         2456    .text.USBD_LL_IsStallEP  usbd_conf.o
    0x08006ef8   0x08006ef8   0x00000028   Code   RO         2518    .text.USBD_LL_IsoINIncomplete  usbd_core.o
    0x08006f20   0x08006f20   0x00000028   Code   RO         2520    .text.USBD_LL_IsoOUTIncomplete  usbd_core.o
    0x08006f48   0x08006f48   0x00000028   Code   RO         2446    .text.USBD_LL_OpenEP  usbd_conf.o
    0x08006f70   0x08006f70   0x00000022   Code   RO         2462    .text.USBD_LL_PrepareReceive  usbd_conf.o
    0x08006f92   0x08006f92   0x00000002   PAD
    0x08006f94   0x08006f94   0x00000066   Code   RO         2508    .text.USBD_LL_Reset  usbd_core.o
    0x08006ffa   0x08006ffa   0x00000002   PAD
    0x08006ffc   0x08006ffc   0x00000014   Code   RO         2514    .text.USBD_LL_Resume  usbd_core.o
    0x08007010   0x08007010   0x0000001c   Code   RO         2516    .text.USBD_LL_SOF   usbd_core.o
    0x0800702c   0x0800702c   0x00000008   Code   RO         2510    .text.USBD_LL_SetSpeed  usbd_core.o
    0x08007034   0x08007034   0x00000022   Code   RO         2458    .text.USBD_LL_SetUSBAddress  usbd_conf.o
    0x08007056   0x08007056   0x00000002   PAD
    0x08007058   0x08007058   0x00000062   Code   RO         2498    .text.USBD_LL_SetupStage  usbd_core.o
    0x080070ba   0x080070ba   0x00000002   PAD
    0x080070bc   0x080070bc   0x00000022   Code   RO         2452    .text.USBD_LL_StallEP  usbd_conf.o
    0x080070de   0x080070de   0x00000002   PAD
    0x080070e0   0x080070e0   0x00000022   Code   RO         2442    .text.USBD_LL_Start  usbd_conf.o
    0x08007102   0x08007102   0x00000002   PAD
    0x08007104   0x08007104   0x0000001c   Code   RO         2512    .text.USBD_LL_Suspend  usbd_core.o
    0x08007120   0x08007120   0x00000022   Code   RO         2460    .text.USBD_LL_Transmit  usbd_conf.o
    0x08007142   0x08007142   0x00000002   PAD
    0x08007144   0x08007144   0x00000016   Code   RO         2546    .text.USBD_ParseSetupRequest  usbd_ctlreq.o
    0x0800715a   0x0800715a   0x00000002   PAD
    0x0800715c   0x0800715c   0x00000042   Code   RO         2486    .text.USBD_RegisterClass  usbd_core.o
    0x0800719e   0x0800719e   0x00000002   PAD
    0x080071a0   0x080071a0   0x00000010   Code   RO         2494    .text.USBD_SetClassConfig  usbd_core.o
    0x080071b0   0x080071b0   0x00000004   Code   RO         2488    .text.USBD_Start    usbd_core.o
    0x080071b4   0x080071b4   0x00000374   Code   RO         2538    .text.USBD_StdDevReq  usbd_ctlreq.o
    0x08007528   0x08007528   0x00000176   Code   RO         2544    .text.USBD_StdEPReq  usbd_ctlreq.o
    0x0800769e   0x0800769e   0x00000002   PAD
    0x080076a0   0x080076a0   0x00000094   Code   RO         2542    .text.USBD_StdItfReq  usbd_ctlreq.o
    0x08007734   0x08007734   0x00000002   Code   RO         2468    .text.USBD_static_free  usbd_conf.o
    0x08007736   0x08007736   0x00000002   PAD
    0x08007738   0x08007738   0x0000000a   Code   RO         2466    .text.USBD_static_malloc  usbd_conf.o
    0x08007742   0x08007742   0x00000002   PAD
    0x08007744   0x08007744   0x0000008a   Code   RO          338    .text.USB_ActivateEndpoint  stm32f4xx_ll_usb.o
    0x080077ce   0x080077ce   0x00000002   PAD
    0x080077d0   0x080077d0   0x00000020   Code   RO          380    .text.USB_ActivateSetup  stm32f4xx_ll_usb.o
    0x080077f0   0x080077f0   0x00000212   Code   RO          316    .text.USB_CoreInit  stm32f4xx_ll_usb.o
    0x08007a02   0x08007a02   0x00000002   PAD
    0x08007a04   0x08007a04   0x00000084   Code   RO          342    .text.USB_DeactivateEndpoint  stm32f4xx_ll_usb.o
    0x08007a88   0x08007a88   0x0000001e   Code   RO          362    .text.USB_DevConnect  stm32f4xx_ll_usb.o
    0x08007aa6   0x08007aa6   0x00000002   PAD
    0x08007aa8   0x08007aa8   0x0000001e   Code   RO          364    .text.USB_DevDisconnect  stm32f4xx_ll_usb.o
    0x08007ac6   0x08007ac6   0x00000002   PAD
    0x08007ac8   0x08007ac8   0x000004ac   Code   RO          328    .text.USB_DevInit   stm32f4xx_ll_usb.o
    0x08007f74   0x08007f74   0x0000000e   Code   RO          322    .text.USB_DisableGlobalInt  stm32f4xx_ll_usb.o
    0x08007f82   0x08007f82   0x00000002   PAD
    0x08007f84   0x08007f84   0x0000005a   Code   RO          382    .text.USB_EP0_OutStart  stm32f4xx_ll_usb.o
    0x08007fde   0x08007fde   0x00000002   PAD
    0x08007fe0   0x08007fe0   0x0000004e   Code   RO          356    .text.USB_EPClearStall  stm32f4xx_ll_usb.o
    0x0800802e   0x0800802e   0x00000002   PAD
    0x08008030   0x08008030   0x0000003e   Code   RO          354    .text.USB_EPSetStall  stm32f4xx_ll_usb.o
    0x0800806e   0x0800806e   0x00000002   PAD
    0x08008070   0x08008070   0x0000021e   Code   RO          346    .text.USB_EPStartXfer  stm32f4xx_ll_usb.o
    0x0800828e   0x0800828e   0x00000002   PAD
    0x08008290   0x08008290   0x0000010e   Code   RO          350    .text.USB_EPStopXfer  stm32f4xx_ll_usb.o
    0x0800839e   0x0800839e   0x00000002   PAD
    0x080083a0   0x080083a0   0x0000000e   Code   RO          320    .text.USB_EnableGlobalInt  stm32f4xx_ll_usb.o
    0x080083ae   0x080083ae   0x00000002   PAD
    0x080083b0   0x080083b0   0x000000be   Code   RO          332    .text.USB_FlushTxFifo  stm32f4xx_ll_usb.o
    0x0800846e   0x0800846e   0x00000002   PAD
    0x08008470   0x08008470   0x0000001a   Code   RO          336    .text.USB_GetDevSpeed  stm32f4xx_ll_usb.o
    0x0800848a   0x0800848a   0x00000002   PAD
    0x0800848c   0x0800848c   0x00000008   Code   RO          326    .text.USB_GetMode   stm32f4xx_ll_usb.o
    0x08008494   0x08008494   0x0000000e   Code   RO          372    .text.USB_ReadDevAllInEpInterrupt  stm32f4xx_ll_usb.o
    0x080084a2   0x080084a2   0x00000002   PAD
    0x080084a4   0x080084a4   0x0000000e   Code   RO          370    .text.USB_ReadDevAllOutEpInterrupt  stm32f4xx_ll_usb.o
    0x080084b2   0x080084b2   0x00000002   PAD
    0x080084b4   0x080084b4   0x00000024   Code   RO          376    .text.USB_ReadDevInEPInterrupt  stm32f4xx_ll_usb.o
    0x080084d8   0x080084d8   0x00000010   Code   RO          374    .text.USB_ReadDevOutEPInterrupt  stm32f4xx_ll_usb.o
    0x080084e8   0x080084e8   0x00000008   Code   RO          366    .text.USB_ReadInterrupts  stm32f4xx_ll_usb.o
    0x080084f0   0x080084f0   0x000000aa   Code   RO          352    .text.USB_ReadPacket  stm32f4xx_ll_usb.o
    0x0800859a   0x0800859a   0x00000002   PAD
    0x0800859c   0x0800859c   0x00000368   Code   RO          324    .text.USB_SetCurrentMode  stm32f4xx_ll_usb.o
    0x08008904   0x08008904   0x00000022   Code   RO          360    .text.USB_SetDevAddress  stm32f4xx_ll_usb.o
    0x08008926   0x08008926   0x00000002   PAD
    0x08008928   0x08008928   0x00000120   Code   RO          318    .text.USB_SetTurnaroundTime  stm32f4xx_ll_usb.o
    0x08008a48   0x08008a48   0x00000072   Code   RO          348    .text.USB_WritePacket  stm32f4xx_ll_usb.o
    0x08008aba   0x08008aba   0x00000002   PAD
    0x08008abc   0x08008abc   0x00000002   Code   RO          173    .text.UsageFault_Handler  stm32f4xx_it.o
    0x08008abe   0x08008abe   0x00000002   PAD
    0x08008ac0   0x08008ac0   0x00000058   Code   RO         2319    .text.app_CAN_rxtx_init  can_rxtx.o
    0x08008b18   0x08008b18   0x00000034   Code   RO         2323    .text.app_CAN_rxtx_main  can_rxtx.o
    0x08008b4c   0x08008b4c   0x0000000c   Code   RO         2336    .text.app_usb_init  usb_test.o
    0x08008b58   0x08008b58   0x0000005c   Code   RO         2338    .text.app_usb_loop  usb_test.o
    0x08008bb4   0x08008bb4   0x00000002   Code   RO         2334    .text.app_usb_rxCallback  usb_test.o
    0x08008bb6   0x08008bb6   0x00000002   PAD
    0x08008bb8   0x08008bb8   0x00000016   Code   RO         2166    .text.circular_queue_front  circular_queue.o
    0x08008bce   0x08008bce   0x00000002   PAD
    0x08008bd0   0x08008bd0   0x00000030   Code   RO         2164    .text.circular_queue_pop  circular_queue.o
    0x08008c00   0x08008c00   0x0000002c   Code   RO         2160    .text.create_circular_queue  circular_queue.o
    0x08008c2c   0x08008c2c   0x00000036   Code   RO         2192    .text.cvector_create  cvector.o
    0x08008c62   0x08008c62   0x00000002   PAD
    0x08008c64   0x08008c64   0x00000042   Code   RO         2198    .text.cvector_pushback  cvector.o
    0x08008ca6   0x08008ca6   0x00000002   PAD
    0x08008ca8   0x08008ca8   0x0000000a   Code   RO         2200    .text.cvector_val_at  cvector.o
    0x08008cb2   0x08008cb2   0x00000002   PAD
    0x08008cb4   0x08008cb4   0x00000032   Code   RO         2176    .text.invSqrt       common.o
    0x08008ce6   0x08008ce6   0x00000002   PAD
    0x08008ce8   0x08008ce8   0x0000005e   Code   RO           11    .text.main          main.o
    0x08008d46   0x08008d46   0x00000002   PAD
    0x08008d48   0x08008d48   0x00000020   Code   RO         1999    .text.osDelay       cmsis_os2.o
    0x08008d68   0x08008d68   0x00000028   Code   RO         1941    .text.osKernelInitialize  cmsis_os2.o
    0x08008d90   0x08008d90   0x0000003c   Code   RO         1947    .text.osKernelStart  cmsis_os2.o
    0x08008dcc   0x08008dcc   0x0000009c   Code   RO         1963    .text.osThreadNew   cmsis_os2.o
    0x08008e68   0x08008e68   0x0000028a   Code   RO         1774    .text.prvAddNewTaskToReadyList  tasks.o
    0x080090f2   0x080090f2   0x00000002   PAD
    0x080090f4   0x080090f4   0x00000086   Code   RO         1806    .text.prvIdleTask   tasks.o
    0x0800917a   0x0800917a   0x00000002   PAD
    0x0800917c   0x0800917c   0x00000128   Code   RO         1772    .text.prvInitialiseNewTask  tasks.o
    0x080092a4   0x080092a4   0x00000028   Code   RO         2136    .text.prvPortStartFirstTask  port.o
    0x080092cc   0x080092cc   0x0000003e   Code   RO         2126    .text.prvTaskExitError  port.o
    0x0800930a   0x0800930a   0x00000002   PAD
    0x0800930c   0x0800930c   0x0000038a   Code   RO         1891    .text.prvTimerTask  timers.o
    0x08009696   0x08009696   0x00000002   PAD
    0x08009698   0x08009698   0x00000074   Code   RO         1671    .text.prvUnlockQueue  queue.o
    0x0800970c   0x0800970c   0x0000020a   Code   RO         2102    .text.pvPortMalloc  heap_4.o
    0x08009916   0x08009916   0x00000002   PAD
    0x08009918   0x08009918   0x00000028   Code   RO         2124    .text.pxPortInitialiseStack  port.o
    0x08009940   0x08009940   0x00000024   Code   RO         1635    .text.uxListRemove  list.o
    0x08009964   0x08009964   0x0000001a   Code   RO         2085    .text.vApplicationGetIdleTaskMemory  cmsis_os2.o
    0x0800997e   0x0800997e   0x00000002   PAD
    0x08009980   0x08009980   0x0000001c   Code   RO         2087    .text.vApplicationGetTimerTaskMemory  cmsis_os2.o
    0x0800999c   0x0800999c   0x00000016   Code   RO         1627    .text.vListInitialise  list.o
    0x080099b2   0x080099b2   0x00000002   PAD
    0x080099b4   0x080099b4   0x00000006   Code   RO         1629    .text.vListInitialiseItem  list.o
    0x080099ba   0x080099ba   0x00000002   PAD
    0x080099bc   0x080099bc   0x00000062   Code   RO         1633    .text.vListInsert   list.o
    0x08009a1e   0x08009a1e   0x00000002   PAD
    0x08009a20   0x08009a20   0x0000001c   Code   RO         1631    .text.vListInsertEnd  list.o
    0x08009a3c   0x08009a3c   0x00000014   Code   RO         2134    .text.vPortEnableVFP  port.o
    0x08009a50   0x08009a50   0x00000046   Code   RO         2140    .text.vPortEnterCritical  port.o
    0x08009a96   0x08009a96   0x00000002   PAD
    0x08009a98   0x08009a98   0x0000002e   Code   RO         2142    .text.vPortExitCritical  port.o
    0x08009ac6   0x08009ac6   0x00000002   PAD
    0x08009ac8   0x08009ac8   0x000000d4   Code   RO         2104    .text.vPortFree     heap_4.o
    0x08009b9c   0x08009b9c   0x00000034   Code   RO         2132    .text.vPortSetupTimerInterrupt  port.o
    0x08009bd0   0x08009bd0   0x000000b0   Code   RO         1705    .text.vQueueAddToRegistry  queue.o
    0x08009c80   0x08009c80   0x00000052   Code   RO         1709    .text.vQueueWaitForMessageRestricted  queue.o
    0x08009cd2   0x08009cd2   0x00000002   PAD
    0x08009cd4   0x08009cd4   0x00000080   Code   RO         1786    .text.vTaskDelay    tasks.o
    0x08009d54   0x08009d54   0x000000cc   Code   RO         1780    .text.vTaskDelayUntil  tasks.o
    0x08009e20   0x08009e20   0x00000012   Code   RO         1836    .text.vTaskInternalSetTimeOutState  tasks.o
    0x08009e32   0x08009e32   0x00000002   PAD
    0x08009e34   0x08009e34   0x0000000e   Code   RO         1840    .text.vTaskMissedYield  tasks.o
    0x08009e42   0x08009e42   0x00000002   PAD
    0x08009e44   0x08009e44   0x00000074   Code   RO         1824    .text.vTaskPlaceOnEventList  tasks.o
    0x08009eb8   0x08009eb8   0x0000007a   Code   RO         1828    .text.vTaskPlaceOnEventListRestricted  tasks.o
    0x08009f32   0x08009f32   0x00000002   PAD
    0x08009f34   0x08009f34   0x000000f0   Code   RO         1804    .text.vTaskStartScheduler  tasks.o
    0x0800a024   0x0800a024   0x00000010   Code   RO         1782    .text.vTaskSuspendAll  tasks.o
    0x0800a034   0x0800a034   0x000000bc   Code   RO         1798    .text.vTaskSwitchContext  tasks.o
    0x0800a0f0   0x0800a0f0   0x00000184   Code   RO         2130    .text.xPortStartScheduler  port.o
    0x0800a274   0x0800a274   0x0000002e   Code   RO         2146    .text.xPortSysTickHandler  port.o
    0x0800a2a2   0x0800a2a2   0x00000002   PAD
    0x0800a2a4   0x0800a2a4   0x000000de   Code   RO         1647    .text.xQueueGenericCreateStatic  queue.o
    0x0800a382   0x0800a382   0x00000002   PAD
    0x0800a384   0x0800a384   0x0000022a   Code   RO         1661    .text.xQueueGenericSend  queue.o
    0x0800a5ae   0x0800a5ae   0x00000002   PAD
    0x0800a5b0   0x0800a5b0   0x000001aa   Code   RO         1677    .text.xQueueReceive  queue.o
    0x0800a75a   0x0800a75a   0x00000002   PAD
    0x0800a75c   0x0800a75c   0x000000a2   Code   RO         1838    .text.xTaskCheckForTimeOut  tasks.o
    0x0800a7fe   0x0800a7fe   0x00000002   PAD
    0x0800a800   0x0800a800   0x00000060   Code   RO         1776    .text.xTaskCreate   tasks.o
    0x0800a860   0x0800a860   0x00000076   Code   RO         1770    .text.xTaskCreateStatic  tasks.o
    0x0800a8d6   0x0800a8d6   0x00000002   PAD
    0x0800a8d8   0x0800a8d8   0x0000001e   Code   RO         1852    .text.xTaskGetSchedulerState  tasks.o
    0x0800a8f6   0x0800a8f6   0x00000002   PAD
    0x0800a8f8   0x0800a8f8   0x0000000c   Code   RO         1812    .text.xTaskGetTickCount  tasks.o
    0x0800a904   0x0800a904   0x00000104   Code   RO         1810    .text.xTaskIncrementTick  tasks.o
    0x0800aa08   0x0800aa08   0x0000008a   Code   RO         1856    .text.xTaskPriorityDisinherit  tasks.o
    0x0800aa92   0x0800aa92   0x00000002   PAD
    0x0800aa94   0x0800aa94   0x00000072   Code   RO         1830    .text.xTaskRemoveFromEventList  tasks.o
    0x0800ab06   0x0800ab06   0x00000002   PAD
    0x0800ab08   0x0800ab08   0x000000ee   Code   RO         1784    .text.xTaskResumeAll  tasks.o
    0x0800abf6   0x0800abf6   0x00000002   PAD
    0x0800abf8   0x0800abf8   0x000000b4   Code   RO         1889    .text.xTimerCreateTimerTask  timers.o
    0x0800acac   0x0800acac   0x00000034   Code   RO         2657    i.__0vsnprintf      mc_w.l(printfa.o)
    0x0800ace0   0x0800ace0   0x00000030   Code   RO         2738    i.__ARM_fpclassify  m_wm.l(fpclassify.o)
    0x0800ad10   0x0800ad10   0x0000005c   Code   RO         2683    i.__free$realloc    mc_w.l(mallocr.o)
    0x0800ad6c   0x0800ad6c   0x00000004   PAD
    0x0800ad70   0x0800ad70   0x00000360   Code   RO         2621    i.__hardfp_asin     m_wm.l(asin.o)
    0x0800b0d0   0x0800b0d0   0x000002d8   Code   RO         2711    i.__hardfp_atan     m_wm.l(atan.o)
    0x0800b3a8   0x0800b3a8   0x00000200   Code   RO         2628    i.__hardfp_atan2    m_wm.l(atan2.o)
    0x0800b5a8   0x0800b5a8   0x000000f8   Code   RO         2740    i.__kernel_poly     m_wm.l(poly.o)
    0x0800b6a0   0x0800b6a0   0x00000050   Code   RO         2684    i.__malloc$realloc  mc_w.l(mallocr.o)
    0x0800b6f0   0x0800b6f0   0x00000014   Code   RO         2719    i.__mathlib_dbl_infnan  m_wm.l(dunder.o)
    0x0800b704   0x0800b704   0x00000014   Code   RO         2720    i.__mathlib_dbl_infnan2  m_wm.l(dunder.o)
    0x0800b718   0x0800b718   0x00000020   Code   RO         2721    i.__mathlib_dbl_invalid  m_wm.l(dunder.o)
    0x0800b738   0x0800b738   0x00000020   Code   RO         2724    i.__mathlib_dbl_underflow  m_wm.l(dunder.o)
    0x0800b758   0x0800b758   0x0000000e   Code   RO         2821    i.__scatterload_copy  mc_w.l(handlers.o)
    0x0800b766   0x0800b766   0x00000002   Code   RO         2822    i.__scatterload_null  mc_w.l(handlers.o)
    0x0800b768   0x0800b768   0x0000000e   Code   RO         2823    i.__scatterload_zeroinit  mc_w.l(handlers.o)
    0x0800b776   0x0800b776   0x00000002   PAD
    0x0800b778   0x0800b778   0x0000000c   Code   RO         2787    i.__set_errno       mc_w.l(errno.o)
    0x0800b784   0x0800b784   0x00000184   Code   RO         2659    i._fp_digits        mc_w.l(printfa.o)
    0x0800b908   0x0800b908   0x000006dc   Code   RO         2660    i._printf_core      mc_w.l(printfa.o)
    0x0800bfe4   0x0800bfe4   0x00000024   Code   RO         2661    i._printf_post_padding  mc_w.l(printfa.o)
    0x0800c008   0x0800c008   0x0000002e   Code   RO         2662    i._printf_pre_padding  mc_w.l(printfa.o)
    0x0800c036   0x0800c036   0x00000016   Code   RO         2663    i._snputc           mc_w.l(printfa.o)
    0x0800c04c   0x0800c04c   0x00000010   Code   RO         2713    i.atan              m_wm.l(atan.o)
    0x0800c05c   0x0800c05c   0x00000018   Code   RO         2734    i.fabs              m_wm.l(fabs.o)
    0x0800c074   0x0800c074   0x00000050   Code   RO         2685    i.internal_alloc    mc_w.l(mallocr.o)
    0x0800c0c4   0x0800c0c4   0x0000006c   Code   RO         2686    i.realloc           mc_w.l(mallocr.o)
    0x0800c130   0x0800c130   0x0000006e   Code   RO         2745    i.sqrt              m_wm.l(sqrt.o)
    0x0800c19e   0x0800c19e   0x00000002   PAD
    0x0800c1a0   0x0800c1a0   0x00000050   Data   RO         2624    .constdata          m_wm.l(asin.o)
    0x0800c1f0   0x0800c1f0   0x00000098   Data   RO         2714    .constdata          m_wm.l(atan.o)
    0x0800c288   0x0800c288   0x00000008   Data   RO         2742    .constdata          m_wm.l(qnan.o)
    0x0800c290   0x0800c290   0x00000010   Data   RO         1580    .rodata.AHBPrescTable  system_stm32f4xx.o
    0x0800c2a0   0x0800c2a0   0x00000008   Data   RO         1581    .rodata.APBPrescTable  system_stm32f4xx.o
    0x0800c2a8   0x0800c2a8   0x00000024   Data   RO           48    .rodata.CANTask_attributes  freertos.o
    0x0800c2cc   0x0800c2cc   0x00000024   Data   RO           47    .rodata.IMUTask_attributes  freertos.o
    0x0800c2f0   0x0800c2f0   0x00000024   Data   RO           46    .rodata.defaultTask_attributes  freertos.o
    0x0800c314   0x0800c314   0x0000001c   Data   RO           45    .rodata.str1.1      freertos.o
    0x0800c330   0x0800c330   0x00000005   Data   RO         1929    .rodata.str1.1      timers.o
    0x0800c335   0x0800c335   0x00000003   PAD
    0x0800c338   0x0800c338   0x00000020   Data   RO         2820    Region$$Table       anon$$obj.o


    Execution Region RW_IRAM1 (Exec base: 0x20000000, Load base: 0x0800c358, Size: 0x00008a48, Max: 0x0001c000, ABSOLUTE)

    Exec Addr    Load Addr    Size         Type   Attr      Idx    E Section Name        Object

    0x20000000   0x0800c358   0x00000004   Data   RW         2783    .data               mc_w.l(mvars.o)
    0x20000004   0x0800c35c   0x00000004   Data   RW         2784    .data               mc_w.l(mvars.o)
    0x20000008   0x0800c360   0x00000004   Data   RW         2788    .data               mc_w.l(errno.o)
    0x2000000c   0x0800c364   0x00000008   Data   RW          766    .data..L_MergedGlobals  stm32f4xx_hal.o
    0x20000014   0x0800c36c   0x0000001c   Data   RW         2373    .data.FS_Desc       usbd_desc.o
    0x20000030   0x0800c388   0x00000004   Data   RW         1579    .data.SystemCoreClock  system_stm32f4xx.o
    0x20000034   0x0800c38c   0x00000038   Data   RW         2611    .data.USBD_CDC      usbd_cdc.o
    0x2000006c   0x0800c3c4   0x00000043   Data   RW         2613    .data.USBD_CDC_CfgDesc  usbd_cdc.o
    0x200000af   0x0800c407   0x00000001   PAD
    0x200000b0   0x0800c408   0x0000000a   Data   RW         2612    .data.USBD_CDC_DeviceQualifierDesc  usbd_cdc.o
    0x200000ba   0x0800c412   0x00000002   PAD
    0x200000bc   0x0800c414   0x00000008   Data   RW         2398    .data.USBD_CDC_LineCoding  usbd_cdc_if.o
    0x200000c4   0x0800c41c   0x00000012   Data   RW         2374    .data.USBD_FS_DeviceDesc  usbd_desc.o
    0x200000d6   0x0800c42e   0x00000002   PAD
    0x200000d8   0x0800c430   0x00000014   Data   RW         2399    .data.USBD_Interface_fops_FS  usbd_cdc_if.o
    0x200000ec   0x0800c444   0x00000004   Data   RW         2375    .data.USBD_LangIDDesc  usbd_desc.o
    0x200000f0   0x0800c448   0x0000001a   Data   RW         2376    .data.USBD_StringSerial  usbd_desc.o
    0x2000010a   0x0800c462   0x00000002   PAD
    0x2000010c   0x0800c464   0x00000004   Data   RW         2150    .data.uxCriticalNesting  port.o
    0x20000110        -       0x0000000c   Zero   RW           50    .bss..L_MergedGlobals  freertos.o
    0x2000011c        -       0x00000078   Zero   RW         1879    .bss..L_MergedGlobals  tasks.o
    0x20000194        -       0x0000003c   Zero   RW         1930    .bss..L_MergedGlobals  timers.o
    0x200001d0        -       0x00000020   Zero   RW         2115    .bss..L_MergedGlobals  heap_4.o
    0x200001f0        -       0x00000008   Zero   RW         2151    .bss..L_MergedGlobals  port.o
    0x200001f8        -       0x00000028   Zero   RW         1880    .bss..L_MergedGlobals.1  tasks.o
    0x20000220        -       0x00000004   Zero   RW           69    .bss.HAL_RCC_CAN1_CLK_ENABLED  can.o
    0x20000224        -       0x000000b8   Zero   RW           49    .bss.IMU            freertos.o
    0x200002dc        -       0x00000004   Zero   RW         2089    .bss.KernelState    cmsis_os2.o
    0x200002e0        -       0x00000001   Zero   RW         2550    .bss.USBD_SetConfig.cfgidx  usbd_ctlreq.o
    0x200002e1   0x0800c468   0x00000003   PAD
    0x200002e4        -       0x00000200   Zero   RW         2377    .bss.USBD_StrDesc   usbd_desc.o
    0x200004e4        -       0x00000220   Zero   RW         2473    .bss.USBD_static_malloc.mem  usbd_conf.o
    0x20000704        -       0x00000004   Zero   RW         2270    .bss.USB_txQueue    bsp_usb.o
    0x20000708        -       0x00000800   Zero   RW         2400    .bss.UserRxBufferFS  usbd_cdc_if.o
    0x20000f08        -       0x00000800   Zero   RW         2401    .bss.UserTxBufferFS  usbd_cdc_if.o
    0x20001708        -       0x00000100   Zero   RW         2241    .bss.can_bus        bsp_can.o
    0x20001808        -       0x00000018   Zero   RW         2325    .bss.can_device_list  can_rxtx.o
    0x20001820        -       0x000002dc   Zero   RW         2352    .bss.hUsbDeviceFS   usb_device.o
    0x20001afc        -       0x00000028   Zero   RW           67    .bss.hcan1          can.o
    0x20001b24        -       0x00000028   Zero   RW           68    .bss.hcan2          can.o
    0x20001b4c        -       0x00000054   Zero   RW           86    .bss.hi2c1          i2c.o
    0x20001ba0        -       0x00000054   Zero   RW           87    .bss.hi2c2          i2c.o
    0x20001bf4        -       0x000004e4   Zero   RW         2472    .bss.hpcd_USB_OTG_FS  usbd_conf.o
    0x200020d8        -       0x00000058   Zero   RW          102    .bss.hspi1          spi.o
    0x20002130        -       0x00000048   Zero   RW          135    .bss.htim13         tim.o
    0x20002178        -       0x00000048   Zero   RW          213    .bss.htim14         stm32f4xx_hal_timebase_tim.o
    0x200021c0        -       0x00000048   Zero   RW          131    .bss.htim2          tim.o
    0x20002208        -       0x00000048   Zero   RW          132    .bss.htim3          tim.o
    0x20002250        -       0x00000048   Zero   RW          133    .bss.htim5          tim.o
    0x20002298        -       0x00000048   Zero   RW          134    .bss.htim8          tim.o
    0x200022e0        -       0x00000048   Zero   RW          154    .bss.huart1         usart.o
    0x20002328        -       0x00000048   Zero   RW          155    .bss.huart2         usart.o
    0x20002370        -       0x00000048   Zero   RW          156    .bss.huart3         usart.o
    0x200023b8        -       0x000000a0   Zero   RW         1928    .bss.prvCheckForValidListAndQueue.ucStaticTimerQueueStorage  timers.o
    0x20002458        -       0x00000050   Zero   RW         1927    .bss.prvCheckForValidListAndQueue.xStaticTimerQueue  timers.o
    0x200024a8        -       0x00000460   Zero   RW         1878    .bss.pxReadyTasksLists  tasks.o
    0x20002908        -       0x00003c00   Zero   RW         2114    .bss.ucHeap         heap_4.o
    0x20006508        -       0x00000004   Zero   RW         2271    .bss.usbRxCallback  bsp_usb.o
    0x2000650c        -       0x00000040   Zero   RW         2272    .bss.usb_printf_buffer  bsp_usb.o
    0x2000654c        -       0x00000004   Zero   RW          765    .bss.uwTick         stm32f4xx_hal.o
    0x20006550        -       0x00000200   Zero   RW         2091    .bss.vApplicationGetIdleTaskMemory.Idle_Stack  cmsis_os2.o
    0x20006750        -       0x0000005c   Zero   RW         2090    .bss.vApplicationGetIdleTaskMemory.Idle_TCB  cmsis_os2.o
    0x200067ac        -       0x00000400   Zero   RW         2093    .bss.vApplicationGetTimerTaskMemory.Timer_Stack  cmsis_os2.o
    0x20006bac        -       0x0000005c   Zero   RW         2092    .bss.vApplicationGetTimerTaskMemory.Timer_TCB  cmsis_os2.o
    0x20006c08        -       0x00000040   Zero   RW         1711    .bss.xQueueRegistry  queue.o
    0x20006c48        -       0x00000800   Zero   RW            2    HEAP                startup_stm32f405xx.o
    0x20007448        -       0x00001600   Zero   RW            1    STACK               startup_stm32f405xx.o


    Execution Region RW_IRAM2 (Exec base: 0x2001c000, Load base: 0x0800c468, Size: 0x00000000, Max: 0x00004000, ABSOLUTE)

    **** No section assigned to this execution region ****


==============================================================================

Image component sizes


      Code (inc. data)   RO Data    RW Data    ZI Data      Debug   Object Name

      2344         24          0          0          0      11825   bmi088.o
      1562          0          0          0        256       9268   bsp_can.o
         4          0          0          0          0        605   bsp_time.o
       160          0          0          0         72       2982   bsp_usb.o
       434          0          0          0         84       6463   can.o
       186          0          0          0         24       1652   can_rxtx.o
       114          0          0          0          0       1813   circular_queue.o
       372          0          0          0       1724      44715   cmsis_os2.o
        50          0          0          0          0       1161   common.o
       130          0          0          0          0       1744   cvector.o
       186          0        136          0        196       4391   freertos.o
       180          0          0          0          0       2151   gpio.o
       734          0          0          0      15392       5652   heap_4.o
       346          0          0          0        168       5445   i2c.o
       190          0          0          0          0       2314   list.o
       838          0          0          0          0       2997   mahonyahrs.o
       288          0          0          0          0       6504   main.o
       900         16          0          4          8       4092   port.o
      1576          0          0          0         64      28628   queue.o
       204          0          0          0         88       6898   spi.o
        36          8        392          0       7680        820   startup_stm32f405xx.o
       132          0          0          8          4       7228   stm32f4xx_hal.o
      1828          6          0          0          0      13734   stm32f4xx_hal_can.o
       150          0          0          0          0      10522   stm32f4xx_hal_cortex.o
        36          0          0          0          0      10567   stm32f4xx_hal_dma.o
       452          0          0          0          0       5271   stm32f4xx_hal_gpio.o
       374          0          0          0          0      42277   stm32f4xx_hal_i2c.o
        66          0          0          0          0       3463   stm32f4xx_hal_msp.o
      3616          0          0          0          0      17267   stm32f4xx_hal_pcd.o
       244          0          0          0          0       4642   stm32f4xx_hal_pcd_ex.o
      1498          0          0          0          0       7398   stm32f4xx_hal_rcc.o
      2828          0          0          0          0      26007   stm32f4xx_hal_spi.o
      1784          4          0          0          0      55049   stm32f4xx_hal_tim.o
       262          0          0          0          0      21174   stm32f4xx_hal_tim_ex.o
       188          0          0          0         72       7196   stm32f4xx_hal_timebase_tim.o
       322          0          0          0          0      32106   stm32f4xx_hal_uart.o
       114          0          0          0          0       9554   stm32f4xx_it.o
      4948          0          0          0          0      35851   stm32f4xx_ll_usb.o
        18          0         24          4          0       2616   system_stm32f4xx.o
      3294          8          0          0       1280      43885   tasks.o
      1334          0          0          0        360      10003   tim.o
      1086         20          5          0        300      16155   timers.o
       444          0          0          0        216       5538   usart.o
       114          0          0          0        732       3169   usb_device.o
       106         12          0          0          0       1248   usb_test.o
      1254         12          0        133          0      11584   usbd_cdc.o
       236          0          0         28       4096       5415   usbd_cdc_if.o
       762          0          0          0       1796      18224   usbd_conf.o
       920          0          0          0          0      10584   usbd_core.o
      1668         34          0          0          1      10217   usbd_ctlreq.o
       560         72          0         76        512       4089   usbd_desc.o
       128          0          0          0          0       4682   usbd_ioreq.o

    ----------------------------------------------------------------------
     41964        216        592        260      35128     608835   Object Totals
         0          0         32          0          0          0   (incl. Generated)
       364          0          3          7          3          0   (incl. Padding)

    ----------------------------------------------------------------------

      Code (inc. data)   RO Data    RW Data    ZI Data      Debug   Library Member Name

       864         94         80          0          0        280   asin.o
       744        106        152          0          0        352   atan.o
       512         64          0          0          0        208   atan2.o
       104         16          0          0          0        496   dunder.o
        24          0          0          0          0        124   fabs.o
        48          0          0          0          0        124   fpclassify.o
       248          0          0          0          0        152   poly.o
         0          0          8          0          0          0   qnan.o
       110          0          0          0          0        148   sqrt.o
         0          0          0          0          0          0   entry.o
         0          0          0          0          0          0   entry10a.o
         0          0          0          0          0          0   entry11a.o
         8          4          0          0          0          0   entry2.o
         4          0          0          0          0          0   entry5.o
         0          0          0          0          0          0   entry7b.o
         0          0          0          0          0          0   entry8b.o
         8          4          0          0          0          0   entry9a.o
        12          6          0          4          0         68   errno.o
        30          0          0          0          0          0   handlers.o
        36          8          0          0          0         68   init.o
         0          0          0          0          0          0   iusefp.o
        30          0          0          0          0         68   llshl.o
        36          0          0          0          0         68   llsshr.o
        32          0          0          0          0         68   llushr.o
       360         30          0          0          0        356   mallocr.o
        36          0          0          0          0         68   memcpya.o
        36          0          0          0          0        108   memseta.o
         0          0          0          8          0          0   mvars.o
      2300         86          0          0          0        516   printfa.o
        44          0          0          0          0         80   uidiv.o
        98          0          0          0          0         92   uldiv.o
        48          0          0          0          0         68   cdcmple.o
        48          0          0          0          0         68   cdrcmple.o
        56          0          0          0          0         88   d2f.o
       334          0          0          0          0        148   dadd.o
       222          0          0          0          0        100   ddiv.o
       186          0          0          0          0        176   depilogue.o
        48          0          0          0          0         68   dfixul.o
       228          0          0          0          0         96   dmul.o
       162          0          0          0          0        100   dsqrt.o
        38          0          0          0          0         68   f2d.o
       110          0          0          0          0        168   fepilogue.o

    ----------------------------------------------------------------------
      7212        422        240         12          0       4592   Library Totals
         8          4          0          0          0          0   (incl. Padding)

    ----------------------------------------------------------------------

      Code (inc. data)   RO Data    RW Data    ZI Data      Debug   Library Name

      2654        280        240          0          0       1884   m_wm.l
      3070        138          0         12          0       1560   mc_w.l
      1480          0          0          0          0       1148   mf_w.l

    ----------------------------------------------------------------------
      7212        422        240         12          0       4592   Library Totals

    ----------------------------------------------------------------------

==============================================================================


      Code (inc. data)   RO Data    RW Data    ZI Data      Debug   

     49176        638        832        272      35128     610127   Grand Totals
     49176        638        832        272      35128     610127   ELF Image Totals
     49176        638        832        272          0          0   ROM Totals

==============================================================================

    Total RO  Size (Code + RO Data)                50008 (  48.84kB)
    Total RW  Size (RW Data + ZI Data)             35400 (  34.57kB)
    Total ROM Size (Code + RO Data + RW Data)      50280 (  49.10kB)

==============================================================================

